---
http_interactions:
- request:
    method: get
    uri: https://maps.googleapis.com/maps/api/geocode/json?address=denver%2Bco&key=<GOOGLE_API_KEY>
    body:
      encoding: US-ASCII
      string: ''
    headers:
      User-Agent:
      - Faraday v0.17.0
      Accept-Encoding:
      - gzip;q=1.0,deflate;q=0.6,identity;q=0.3
      Accept:
      - "*/*"
  response:
    status:
      code: 200
      message: OK
    headers:
      Content-Type:
      - application/json; charset=UTF-8
      Date:
      - Mon, 04 Nov 2019 17:29:36 GMT
      Pragma:
      - no-cache
      Expires:
      - Fri, 01 Jan 1990 00:00:00 GMT
      Cache-Control:
      - no-cache, must-revalidate
      Vary:
      - Accept-Language
      Access-Control-Allow-Origin:
      - "*"
      Server:
      - mafe
      X-Xss-Protection:
      - '0'
      X-Frame-Options:
      - SAMEORIGIN
      Server-Timing:
      - gfet4t7; dur=17
      Alt-Svc:
      - quic=":443"; ma=2592000; v="46,43",h3-Q049=":443"; ma=2592000,h3-Q048=":443";
        ma=2592000,h3-Q046=":443"; ma=2592000,h3-Q043=":443"; ma=2592000
      Transfer-Encoding:
      - chunked
    body:
      encoding: ASCII-8BIT
      string: |
        {
           "results" : [
              {
                 "address_components" : [
                    {
                       "long_name" : "Denver",
                       "short_name" : "Denver",
                       "types" : [ "locality", "political" ]
                    },
                    {
                       "long_name" : "Denver County",
                       "short_name" : "Denver County",
                       "types" : [ "administrative_area_level_2", "political" ]
                    },
                    {
                       "long_name" : "Colorado",
                       "short_name" : "CO",
                       "types" : [ "administrative_area_level_1", "political" ]
                    },
                    {
                       "long_name" : "United States",
                       "short_name" : "US",
                       "types" : [ "country", "political" ]
                    }
                 ],
                 "formatted_address" : "Denver, CO, USA",
                 "geometry" : {
                    "bounds" : {
                       "northeast" : {
                          "lat" : 39.91424689999999,
                          "lng" : -104.6002959
                       },
                       "southwest" : {
                          "lat" : 39.614431,
                          "lng" : -105.109927
                       }
                    },
                    "location" : {
                       "lat" : 39.7392358,
                       "lng" : -104.990251
                    },
                    "location_type" : "APPROXIMATE",
                    "viewport" : {
                       "northeast" : {
                          "lat" : 39.91424689999999,
                          "lng" : -104.6002959
                       },
                       "southwest" : {
                          "lat" : 39.614431,
                          "lng" : -105.109927
                       }
                    }
                 },
                 "place_id" : "ChIJzxcfI6qAa4cR1jaKJ_j0jhE",
                 "types" : [ "locality", "political" ]
              }
           ],
           "status" : "OK"
        }
    http_version: 
  recorded_at: Mon, 04 Nov 2019 17:29:36 GMT
- request:
    method: get
    uri: https://maps.googleapis.com/maps/api/geocode/json?address=denver%2Bco&key=<GOOGLE_API_KEY>
    body:
      encoding: US-ASCII
      string: ''
    headers:
      User-Agent:
      - Faraday v0.17.0
      Accept-Encoding:
      - gzip;q=1.0,deflate;q=0.6,identity;q=0.3
      Accept:
      - "*/*"
  response:
    status:
      code: 200
      message: OK
    headers:
      Content-Type:
      - application/json; charset=UTF-8
      Date:
      - Mon, 04 Nov 2019 17:29:36 GMT
      Pragma:
      - no-cache
      Expires:
      - Fri, 01 Jan 1990 00:00:00 GMT
      Cache-Control:
      - no-cache, must-revalidate
      Vary:
      - Accept-Language
      Access-Control-Allow-Origin:
      - "*"
      Server:
      - mafe
      X-Xss-Protection:
      - '0'
      X-Frame-Options:
      - SAMEORIGIN
      Server-Timing:
      - gfet4t7; dur=16
      Alt-Svc:
      - quic=":443"; ma=2592000; v="46,43",h3-Q049=":443"; ma=2592000,h3-Q048=":443";
        ma=2592000,h3-Q046=":443"; ma=2592000,h3-Q043=":443"; ma=2592000
      Transfer-Encoding:
      - chunked
    body:
      encoding: ASCII-8BIT
      string: |
        {
           "results" : [
              {
                 "address_components" : [
                    {
                       "long_name" : "Denver",
                       "short_name" : "Denver",
                       "types" : [ "locality", "political" ]
                    },
                    {
                       "long_name" : "Denver County",
                       "short_name" : "Denver County",
                       "types" : [ "administrative_area_level_2", "political" ]
                    },
                    {
                       "long_name" : "Colorado",
                       "short_name" : "CO",
                       "types" : [ "administrative_area_level_1", "political" ]
                    },
                    {
                       "long_name" : "United States",
                       "short_name" : "US",
                       "types" : [ "country", "political" ]
                    }
                 ],
                 "formatted_address" : "Denver, CO, USA",
                 "geometry" : {
                    "bounds" : {
                       "northeast" : {
                          "lat" : 39.91424689999999,
                          "lng" : -104.6002959
                       },
                       "southwest" : {
                          "lat" : 39.614431,
                          "lng" : -105.109927
                       }
                    },
                    "location" : {
                       "lat" : 39.7392358,
                       "lng" : -104.990251
                    },
                    "location_type" : "APPROXIMATE",
                    "viewport" : {
                       "northeast" : {
                          "lat" : 39.91424689999999,
                          "lng" : -104.6002959
                       },
                       "southwest" : {
                          "lat" : 39.614431,
                          "lng" : -105.109927
                       }
                    }
                 },
                 "place_id" : "ChIJzxcfI6qAa4cR1jaKJ_j0jhE",
                 "types" : [ "locality", "political" ]
              }
           ],
           "status" : "OK"
        }
    http_version: 
  recorded_at: Mon, 04 Nov 2019 17:29:36 GMT
- request:
    method: get
    uri: https://api.darksky.net/forecast/<DARKSKY_API_KEY>/39.7392,-104.9903
    body:
      encoding: US-ASCII
      string: ''
    headers:
      User-Agent:
      - Faraday v0.17.0
      Accept-Encoding:
      - gzip;q=1.0,deflate;q=0.6,identity;q=0.3
      Accept:
      - "*/*"
  response:
    status:
      code: 200
      message: OK
    headers:
      Date:
      - Mon, 04 Nov 2019 17:29:36 GMT
      Content-Type:
      - application/json; charset=utf-8
      Transfer-Encoding:
      - chunked
      Connection:
      - keep-alive
      X-Authentication-Time:
      - 255ms
      X-Forecast-Api-Calls:
      - '128'
      Cache-Control:
      - max-age=60
      Expires:
      - Mon, 04 Nov 2019 17:30:36 +0000
      X-Response-Time:
      - 115.316ms
      Vary:
      - Accept-Encoding
    body:
      encoding: ASCII-8BIT
      string: '{"latitude":39.7392,"longitude":-104.9903,"timezone":"America/Denver","currently":{"time":1572888576,"summary":"Partly
        Cloudy","icon":"partly-cloudy-day","nearestStormDistance":10,"nearestStormBearing":359,"precipIntensity":0,"precipProbability":0,"temperature":47.35,"apparentTemperature":46.68,"dewPoint":29.57,"humidity":0.5,"pressure":1016,"windSpeed":3.24,"windGust":5.56,"windBearing":29,"cloudCover":0.5,"uvIndex":3,"visibility":10,"ozone":278.5},"minutely":{"summary":"Partly
        cloudy for the hour.","icon":"partly-cloudy-day","data":[{"time":1572888540,"precipIntensity":0,"precipProbability":0},{"time":1572888600,"precipIntensity":0,"precipProbability":0},{"time":1572888660,"precipIntensity":0,"precipProbability":0},{"time":1572888720,"precipIntensity":0,"precipProbability":0},{"time":1572888780,"precipIntensity":0,"precipProbability":0},{"time":1572888840,"precipIntensity":0,"precipProbability":0},{"time":1572888900,"precipIntensity":0,"precipProbability":0},{"time":1572888960,"precipIntensity":0,"precipProbability":0},{"time":1572889020,"precipIntensity":0,"precipProbability":0},{"time":1572889080,"precipIntensity":0,"precipProbability":0},{"time":1572889140,"precipIntensity":0,"precipProbability":0},{"time":1572889200,"precipIntensity":0,"precipProbability":0},{"time":1572889260,"precipIntensity":0,"precipProbability":0},{"time":1572889320,"precipIntensity":0,"precipProbability":0},{"time":1572889380,"precipIntensity":0,"precipProbability":0},{"time":1572889440,"precipIntensity":0,"precipProbability":0},{"time":1572889500,"precipIntensity":0,"precipProbability":0},{"time":1572889560,"precipIntensity":0,"precipProbability":0},{"time":1572889620,"precipIntensity":0,"precipProbability":0},{"time":1572889680,"precipIntensity":0,"precipProbability":0},{"time":1572889740,"precipIntensity":0,"precipProbability":0},{"time":1572889800,"precipIntensity":0,"precipProbability":0},{"time":1572889860,"precipIntensity":0,"precipProbability":0},{"time":1572889920,"precipIntensity":0,"precipProbability":0},{"time":1572889980,"precipIntensity":0,"precipProbability":0},{"time":1572890040,"precipIntensity":0,"precipProbability":0},{"time":1572890100,"precipIntensity":0,"precipProbability":0},{"time":1572890160,"precipIntensity":0.003,"precipIntensityError":0.001,"precipProbability":0.01,"precipType":"rain"},{"time":1572890220,"precipIntensity":0.003,"precipIntensityError":0.001,"precipProbability":0.01,"precipType":"rain"},{"time":1572890280,"precipIntensity":0.004,"precipIntensityError":0.001,"precipProbability":0.02,"precipType":"rain"},{"time":1572890340,"precipIntensity":0,"precipProbability":0},{"time":1572890400,"precipIntensity":0,"precipProbability":0},{"time":1572890460,"precipIntensity":0,"precipProbability":0},{"time":1572890520,"precipIntensity":0,"precipProbability":0},{"time":1572890580,"precipIntensity":0,"precipProbability":0},{"time":1572890640,"precipIntensity":0,"precipProbability":0},{"time":1572890700,"precipIntensity":0,"precipProbability":0},{"time":1572890760,"precipIntensity":0,"precipProbability":0},{"time":1572890820,"precipIntensity":0,"precipProbability":0},{"time":1572890880,"precipIntensity":0,"precipProbability":0},{"time":1572890940,"precipIntensity":0,"precipProbability":0},{"time":1572891000,"precipIntensity":0.003,"precipIntensityError":0.001,"precipProbability":0.03,"precipType":"rain"},{"time":1572891060,"precipIntensity":0.004,"precipIntensityError":0.001,"precipProbability":0.03,"precipType":"rain"},{"time":1572891120,"precipIntensity":0.004,"precipIntensityError":0.001,"precipProbability":0.03,"precipType":"rain"},{"time":1572891180,"precipIntensity":0.004,"precipIntensityError":0.002,"precipProbability":0.03,"precipType":"rain"},{"time":1572891240,"precipIntensity":0.004,"precipIntensityError":0.001,"precipProbability":0.02,"precipType":"rain"},{"time":1572891300,"precipIntensity":0.004,"precipIntensityError":0.001,"precipProbability":0.02,"precipType":"rain"},{"time":1572891360,"precipIntensity":0.004,"precipIntensityError":0.002,"precipProbability":0.02,"precipType":"rain"},{"time":1572891420,"precipIntensity":0.004,"precipIntensityError":0.001,"precipProbability":0.02,"precipType":"rain"},{"time":1572891480,"precipIntensity":0,"precipProbability":0},{"time":1572891540,"precipIntensity":0.004,"precipIntensityError":0.001,"precipProbability":0.02,"precipType":"rain"},{"time":1572891600,"precipIntensity":0.004,"precipIntensityError":0.004,"precipProbability":0.01,"precipType":"rain"},{"time":1572891660,"precipIntensity":0.004,"precipIntensityError":0.002,"precipProbability":0.01,"precipType":"rain"},{"time":1572891720,"precipIntensity":0,"precipProbability":0},{"time":1572891780,"precipIntensity":0.004,"precipIntensityError":0.001,"precipProbability":0.01,"precipType":"rain"},{"time":1572891840,"precipIntensity":0.004,"precipIntensityError":0.002,"precipProbability":0.01,"precipType":"rain"},{"time":1572891900,"precipIntensity":0,"precipProbability":0},{"time":1572891960,"precipIntensity":0,"precipProbability":0},{"time":1572892020,"precipIntensity":0.004,"precipIntensityError":0.001,"precipProbability":0.01,"precipType":"rain"},{"time":1572892080,"precipIntensity":0.004,"precipIntensityError":0.002,"precipProbability":0.01,"precipType":"rain"},{"time":1572892140,"precipIntensity":0.003,"precipIntensityError":0.001,"precipProbability":0.01,"precipType":"rain"}]},"hourly":{"summary":"Clear
        throughout the day.","icon":"clear-day","data":[{"time":1572886800,"summary":"Partly
        Cloudy","icon":"partly-cloudy-day","precipIntensity":0,"precipProbability":0,"temperature":45.48,"apparentTemperature":45.48,"dewPoint":28.95,"humidity":0.52,"pressure":1016.4,"windSpeed":2.46,"windGust":5.18,"windBearing":31,"cloudCover":0.57,"uvIndex":2,"visibility":10,"ozone":278.2},{"time":1572890400,"summary":"Partly
        Cloudy","icon":"partly-cloudy-day","precipIntensity":0.0012,"precipProbability":0.03,"precipType":"rain","temperature":48.63,"apparentTemperature":47.14,"dewPoint":30.23,"humidity":0.49,"pressure":1015.8,"windSpeed":4.21,"windGust":6.08,"windBearing":28,"cloudCover":0.42,"uvIndex":3,"visibility":10,"ozone":278.8},{"time":1572894000,"summary":"Clear","icon":"clear-day","precipIntensity":0.0004,"precipProbability":0.03,"precipType":"rain","temperature":47.87,"apparentTemperature":45.39,"dewPoint":31.5,"humidity":0.53,"pressure":1016.8,"windSpeed":5.53,"windGust":7.02,"windBearing":39,"cloudCover":0.27,"uvIndex":3,"visibility":10,"ozone":279.1},{"time":1572897600,"summary":"Clear","icon":"clear-day","precipIntensity":0.0014,"precipProbability":0.04,"precipType":"rain","temperature":46.86,"apparentTemperature":43.9,"dewPoint":32.15,"humidity":0.56,"pressure":1017.4,"windSpeed":6.05,"windGust":6.89,"windBearing":46,"cloudCover":0.12,"uvIndex":3,"visibility":10,"ozone":279.1},{"time":1572901200,"summary":"Clear","icon":"clear-day","precipIntensity":0.0016,"precipProbability":0.04,"precipType":"rain","temperature":46.64,"apparentTemperature":43.79,"dewPoint":32.01,"humidity":0.57,"pressure":1017.3,"windSpeed":5.79,"windGust":6.32,"windBearing":46,"cloudCover":0.03,"uvIndex":2,"visibility":10,"ozone":279.2},{"time":1572904800,"summary":"Clear","icon":"clear-day","precipIntensity":0,"precipProbability":0,"temperature":46.11,"apparentTemperature":43.58,"dewPoint":31.63,"humidity":0.57,"pressure":1018.3,"windSpeed":5.09,"windGust":6.85,"windBearing":43,"cloudCover":0.04,"uvIndex":1,"visibility":10,"ozone":279.8},{"time":1572908400,"summary":"Clear","icon":"clear-day","precipIntensity":0.002,"precipProbability":0.04,"precipType":"rain","temperature":43.97,"apparentTemperature":41.36,"dewPoint":31.38,"humidity":0.61,"pressure":1018.7,"windSpeed":4.68,"windGust":6.25,"windBearing":40,"cloudCover":0.01,"uvIndex":0,"visibility":10,"ozone":280.5},{"time":1572912000,"summary":"Clear","icon":"clear-night","precipIntensity":0.0032,"precipProbability":0.06,"precipType":"rain","temperature":41.11,"apparentTemperature":39.02,"dewPoint":30.85,"humidity":0.67,"pressure":1020.1,"windSpeed":3.56,"windGust":5.8,"windBearing":45,"cloudCover":0.01,"uvIndex":0,"visibility":10,"ozone":281.1},{"time":1572915600,"summary":"Clear","icon":"clear-night","precipIntensity":0.0013,"precipProbability":0.04,"precipType":"rain","temperature":38.48,"apparentTemperature":36.16,"dewPoint":29.82,"humidity":0.71,"pressure":1021.4,"windSpeed":3.42,"windGust":5.57,"windBearing":66,"cloudCover":0.06,"uvIndex":0,"visibility":10,"ozone":281.5},{"time":1572919200,"summary":"Clear","icon":"clear-night","precipIntensity":0.0014,"precipProbability":0.03,"precipType":"rain","temperature":36.38,"apparentTemperature":33.94,"dewPoint":28.48,"humidity":0.73,"pressure":1022.7,"windSpeed":3.27,"windGust":3.98,"windBearing":103,"cloudCover":0.13,"uvIndex":0,"visibility":10,"ozone":281.8},{"time":1572922800,"summary":"Clear","icon":"clear-night","precipIntensity":0.0003,"precipProbability":0.02,"precipType":"rain","temperature":34.92,"apparentTemperature":34.92,"dewPoint":27.54,"humidity":0.74,"pressure":1023.7,"windSpeed":2.72,"windGust":2.78,"windBearing":224,"cloudCover":0.2,"uvIndex":0,"visibility":10,"ozone":281.5},{"time":1572926400,"summary":"Clear","icon":"clear-night","precipIntensity":0.0003,"precipProbability":0.02,"precipType":"rain","temperature":34.35,"apparentTemperature":30.62,"dewPoint":26.78,"humidity":0.74,"pressure":1024.3,"windSpeed":4.17,"windGust":5.35,"windBearing":180,"cloudCover":0.21,"uvIndex":0,"visibility":10,"ozone":280.2},{"time":1572930000,"summary":"Clear","icon":"clear-night","precipIntensity":0.002,"precipProbability":0.02,"precipType":"rain","temperature":33.97,"apparentTemperature":30,"dewPoint":26.16,"humidity":0.73,"pressure":1024.6,"windSpeed":4.34,"windGust":6.14,"windBearing":213,"cloudCover":0.21,"uvIndex":0,"visibility":10,"ozone":278.5},{"time":1572933600,"summary":"Clear","icon":"clear-night","precipIntensity":0.0004,"precipProbability":0.01,"precipType":"rain","temperature":33.52,"apparentTemperature":29.35,"dewPoint":25.32,"humidity":0.72,"pressure":1024.7,"windSpeed":4.48,"windGust":6.77,"windBearing":218,"cloudCover":0.21,"uvIndex":0,"visibility":10,"ozone":277.1},{"time":1572937200,"summary":"Clear","icon":"clear-night","precipIntensity":0.0002,"precipProbability":0.01,"precipType":"rain","temperature":32.37,"apparentTemperature":27.99,"dewPoint":23.14,"humidity":0.68,"pressure":1026.2,"windSpeed":4.5,"windGust":5.28,"windBearing":182,"cloudCover":0.31,"uvIndex":0,"visibility":10,"ozone":276.6},{"time":1572940800,"summary":"Clear","icon":"clear-night","precipIntensity":0.0002,"precipProbability":0.01,"precipType":"rain","temperature":31.96,"apparentTemperature":27.84,"dewPoint":22.51,"humidity":0.68,"pressure":1025.8,"windSpeed":4.17,"windGust":4.52,"windBearing":200,"cloudCover":0.31,"uvIndex":0,"visibility":10,"ozone":276.6},{"time":1572944400,"summary":"Clear","icon":"clear-night","precipIntensity":0,"precipProbability":0,"temperature":30.92,"apparentTemperature":26.8,"dewPoint":21.84,"humidity":0.69,"pressure":1025.5,"windSpeed":4.02,"windGust":4.04,"windBearing":216,"cloudCover":0.31,"uvIndex":0,"visibility":10,"ozone":276.4},{"time":1572948000,"summary":"Clear","icon":"clear-night","precipIntensity":0,"precipProbability":0,"temperature":29.77,"apparentTemperature":25.37,"dewPoint":21.1,"humidity":0.7,"pressure":1025.5,"windSpeed":4.12,"windGust":4.13,"windBearing":195,"cloudCover":0.31,"uvIndex":0,"visibility":10,"ozone":276.2},{"time":1572951600,"summary":"Clear","icon":"clear-night","precipIntensity":0,"precipProbability":0,"temperature":28.67,"apparentTemperature":23.83,"dewPoint":20.42,"humidity":0.71,"pressure":1025.7,"windSpeed":4.35,"windGust":4.37,"windBearing":178,"cloudCover":0.31,"uvIndex":0,"visibility":10,"ozone":275.8},{"time":1572955200,"summary":"Clear","icon":"clear-night","precipIntensity":0.0003,"precipProbability":0.01,"precipType":"snow","precipAccumulation":0.0016,"temperature":28.6,"apparentTemperature":23.47,"dewPoint":20.31,"humidity":0.71,"pressure":1025.8,"windSpeed":4.62,"windGust":4.64,"windBearing":191,"cloudCover":0.31,"uvIndex":0,"visibility":10,"ozone":275},{"time":1572958800,"summary":"Partly
        Cloudy","icon":"partly-cloudy-night","precipIntensity":0,"precipProbability":0,"temperature":29.22,"apparentTemperature":23.81,"dewPoint":21.06,"humidity":0.71,"pressure":1025.9,"windSpeed":5,"windGust":5.01,"windBearing":199,"cloudCover":0.32,"uvIndex":0,"visibility":10,"ozone":273.2},{"time":1572962400,"summary":"Partly
        Cloudy","icon":"partly-cloudy-day","precipIntensity":0,"precipProbability":0,"temperature":30.3,"apparentTemperature":24.73,"dewPoint":22.63,"humidity":0.73,"pressure":1025.8,"windSpeed":5.38,"windGust":5.39,"windBearing":202,"cloudCover":0.33,"uvIndex":0,"visibility":10,"ozone":270.6},{"time":1572966000,"summary":"Partly
        Cloudy","icon":"partly-cloudy-day","precipIntensity":0,"precipProbability":0,"temperature":32.73,"apparentTemperature":27.57,"dewPoint":24.78,"humidity":0.72,"pressure":1025.4,"windSpeed":5.42,"windGust":5.43,"windBearing":199,"cloudCover":0.33,"uvIndex":0,"visibility":10,"ozone":268.9},{"time":1572969600,"summary":"Partly
        Cloudy","icon":"partly-cloudy-day","precipIntensity":0,"precipProbability":0,"temperature":37.65,"apparentTemperature":33.89,"dewPoint":27.4,"humidity":0.66,"pressure":1024.4,"windSpeed":4.78,"windGust":4.82,"windBearing":182,"cloudCover":0.33,"uvIndex":1,"visibility":10,"ozone":268.7},{"time":1572973200,"summary":"Partly
        Cloudy","icon":"partly-cloudy-day","precipIntensity":0,"precipProbability":0,"temperature":43.96,"apparentTemperature":42.08,"dewPoint":29.91,"humidity":0.57,"pressure":1022.9,"windSpeed":3.79,"windGust":4.59,"windBearing":167,"cloudCover":0.32,"uvIndex":3,"visibility":10,"ozone":269.4},{"time":1572976800,"summary":"Clear","icon":"clear-day","precipIntensity":0,"precipProbability":0,"temperature":48.98,"apparentTemperature":48.44,"dewPoint":32.03,"humidity":0.52,"pressure":1021.5,"windSpeed":3.09,"windGust":4.31,"windBearing":152,"cloudCover":0.31,"uvIndex":3,"visibility":10,"ozone":269.6},{"time":1572980400,"summary":"Clear","icon":"clear-day","precipIntensity":0,"precipProbability":0,"temperature":52.48,"apparentTemperature":52.48,"dewPoint":33.4,"humidity":0.48,"pressure":1020.4,"windSpeed":2.92,"windGust":3.82,"windBearing":113,"cloudCover":0.3,"uvIndex":3,"visibility":10,"ozone":268.8},{"time":1572984000,"summary":"Clear","icon":"clear-day","precipIntensity":0,"precipProbability":0,"temperature":54.51,"apparentTemperature":54.51,"dewPoint":34.24,"humidity":0.46,"pressure":1019.3,"windSpeed":3,"windGust":3.25,"windBearing":84,"cloudCover":0.27,"uvIndex":3,"visibility":10,"ozone":267.6},{"time":1572987600,"summary":"Clear","icon":"clear-day","precipIntensity":0.0002,"precipProbability":0.01,"precipType":"rain","temperature":55.08,"apparentTemperature":55.08,"dewPoint":34.44,"humidity":0.46,"pressure":1018.7,"windSpeed":3.03,"windGust":3.06,"windBearing":77,"cloudCover":0.26,"uvIndex":2,"visibility":10,"ozone":266.8},{"time":1572991200,"summary":"Clear","icon":"clear-day","precipIntensity":0.0003,"precipProbability":0.01,"precipType":"rain","temperature":53.42,"apparentTemperature":53.42,"dewPoint":34.1,"humidity":0.48,"pressure":1018.9,"windSpeed":2.84,"windGust":2.86,"windBearing":98,"cloudCover":0.26,"uvIndex":1,"visibility":10,"ozone":267.2},{"time":1572994800,"summary":"Clear","icon":"clear-day","precipIntensity":0.0005,"precipProbability":0.01,"precipType":"rain","temperature":49.63,"apparentTemperature":49.63,"dewPoint":34.08,"humidity":0.55,"pressure":1019.5,"windSpeed":2.62,"windGust":2.69,"windBearing":144,"cloudCover":0.27,"uvIndex":0,"visibility":10,"ozone":268},{"time":1572998400,"summary":"Clear","icon":"clear-night","precipIntensity":0.0005,"precipProbability":0.02,"precipType":"rain","temperature":46.03,"apparentTemperature":46.03,"dewPoint":32.74,"humidity":0.6,"pressure":1020.3,"windSpeed":2.7,"windGust":2.88,"windBearing":174,"cloudCover":0.29,"uvIndex":0,"visibility":10,"ozone":268.3},{"time":1573002000,"summary":"Partly
        Cloudy","icon":"partly-cloudy-night","precipIntensity":0.0005,"precipProbability":0.01,"precipType":"rain","temperature":43.61,"apparentTemperature":42.07,"dewPoint":30.81,"humidity":0.6,"pressure":1021.3,"windSpeed":3.36,"windGust":3.48,"windBearing":189,"cloudCover":0.32,"uvIndex":0,"visibility":10,"ozone":267.6},{"time":1573005600,"summary":"Partly
        Cloudy","icon":"partly-cloudy-night","precipIntensity":0.0004,"precipProbability":0.01,"precipType":"rain","temperature":41.58,"apparentTemperature":38.87,"dewPoint":28.38,"humidity":0.59,"pressure":1022.4,"windSpeed":4.31,"windGust":4.35,"windBearing":204,"cloudCover":0.37,"uvIndex":0,"visibility":10,"ozone":266.1},{"time":1573009200,"summary":"Partly
        Cloudy","icon":"partly-cloudy-night","precipIntensity":0.0003,"precipProbability":0.01,"precipType":"rain","temperature":40.21,"apparentTemperature":36.73,"dewPoint":26.75,"humidity":0.58,"pressure":1023.4,"windSpeed":4.99,"windGust":5.01,"windBearing":214,"cloudCover":0.39,"uvIndex":0,"visibility":10,"ozone":264.9},{"time":1573012800,"summary":"Partly
        Cloudy","icon":"partly-cloudy-night","precipIntensity":0.0002,"precipProbability":0.01,"precipType":"rain","temperature":39.3,"apparentTemperature":35.5,"dewPoint":25.33,"humidity":0.57,"pressure":1024,"windSpeed":5.19,"windGust":5.19,"windBearing":216,"cloudCover":0.38,"uvIndex":0,"visibility":10,"ozone":263.6},{"time":1573016400,"summary":"Partly
        Cloudy","icon":"partly-cloudy-night","precipIntensity":0,"precipProbability":0,"temperature":38.53,"apparentTemperature":34.63,"dewPoint":24.12,"humidity":0.56,"pressure":1024.1,"windSpeed":5.14,"windGust":5.16,"windBearing":213,"cloudCover":0.35,"uvIndex":0,"visibility":10,"ozone":262.5},{"time":1573020000,"summary":"Partly
        Cloudy","icon":"partly-cloudy-night","precipIntensity":0,"precipProbability":0,"temperature":37.76,"apparentTemperature":33.81,"dewPoint":23.36,"humidity":0.56,"pressure":1024.3,"windSpeed":5.04,"windGust":5.07,"windBearing":210,"cloudCover":0.33,"uvIndex":0,"visibility":10,"ozone":261.8},{"time":1573023600,"summary":"Partly
        Cloudy","icon":"partly-cloudy-night","precipIntensity":0,"precipProbability":0,"temperature":37.07,"apparentTemperature":33.11,"dewPoint":22.97,"humidity":0.56,"pressure":1024.3,"windSpeed":4.9,"windGust":4.94,"windBearing":211,"cloudCover":0.33,"uvIndex":0,"visibility":10,"ozone":261.5},{"time":1573027200,"summary":"Partly
        Cloudy","icon":"partly-cloudy-night","precipIntensity":0,"precipProbability":0,"temperature":36.25,"apparentTemperature":32.29,"dewPoint":22.64,"humidity":0.57,"pressure":1024.2,"windSpeed":4.74,"windGust":4.78,"windBearing":214,"cloudCover":0.33,"uvIndex":0,"visibility":10,"ozone":261.5},{"time":1573030800,"summary":"Partly
        Cloudy","icon":"partly-cloudy-night","precipIntensity":0,"precipProbability":0,"temperature":35.33,"apparentTemperature":31.29,"dewPoint":22.24,"humidity":0.59,"pressure":1024.1,"windSpeed":4.65,"windGust":4.7,"windBearing":217,"cloudCover":0.33,"uvIndex":0,"visibility":10,"ozone":262},{"time":1573034400,"summary":"Partly
        Cloudy","icon":"partly-cloudy-night","precipIntensity":0,"precipProbability":0,"temperature":33.76,"apparentTemperature":29.43,"dewPoint":21.48,"humidity":0.6,"pressure":1024.2,"windSpeed":4.68,"windGust":4.73,"windBearing":219,"cloudCover":0.33,"uvIndex":0,"visibility":10,"ozone":262.9},{"time":1573038000,"summary":"Partly
        Cloudy","icon":"partly-cloudy-night","precipIntensity":0,"precipProbability":0,"temperature":32.29,"apparentTemperature":27.58,"dewPoint":20.84,"humidity":0.62,"pressure":1023.8,"windSpeed":4.82,"windGust":4.85,"windBearing":220,"cloudCover":0.33,"uvIndex":0,"visibility":10,"ozone":264.2},{"time":1573041600,"summary":"Partly
        Cloudy","icon":"partly-cloudy-night","precipIntensity":0,"precipProbability":0,"temperature":31.35,"apparentTemperature":26.5,"dewPoint":20.63,"humidity":0.64,"pressure":1023.9,"windSpeed":4.8,"windGust":4.83,"windBearing":214,"cloudCover":0.33,"uvIndex":0,"visibility":10,"ozone":265.5},{"time":1573045200,"summary":"Partly
        Cloudy","icon":"partly-cloudy-night","precipIntensity":0,"precipProbability":0,"temperature":31.29,"apparentTemperature":26.74,"dewPoint":20.95,"humidity":0.65,"pressure":1024.1,"windSpeed":4.48,"windGust":4.51,"windBearing":201,"cloudCover":0.33,"uvIndex":0,"visibility":10,"ozone":266.9},{"time":1573048800,"summary":"Partly
        Cloudy","icon":"partly-cloudy-day","precipIntensity":0,"precipProbability":0,"temperature":31.67,"apparentTemperature":27.66,"dewPoint":21.86,"humidity":0.67,"pressure":1024.7,"windSpeed":4.04,"windGust":4.06,"windBearing":236,"cloudCover":0.33,"uvIndex":0,"visibility":10,"ozone":268.3},{"time":1573052400,"summary":"Partly
        Cloudy","icon":"partly-cloudy-day","precipIntensity":0,"precipProbability":0,"temperature":34.23,"apparentTemperature":30.85,"dewPoint":23.55,"humidity":0.65,"pressure":1024.7,"windSpeed":3.82,"windGust":3.85,"windBearing":224,"cloudCover":0.32,"uvIndex":0,"visibility":10,"ozone":269.6},{"time":1573056000,"summary":"Clear","icon":"clear-day","precipIntensity":0,"precipProbability":0,"temperature":38.79,"apparentTemperature":35.8,"dewPoint":26.31,"humidity":0.61,"pressure":1023.7,"windSpeed":4.13,"windGust":4.24,"windBearing":190,"cloudCover":0.29,"uvIndex":1,"visibility":10,"ozone":270.4},{"time":1573059600,"summary":"Clear","icon":"clear-day","precipIntensity":0.0002,"precipProbability":0.01,"precipType":"rain","temperature":44.96,"apparentTemperature":42.51,"dewPoint":29.99,"humidity":0.56,"pressure":1022.3,"windSpeed":4.69,"windGust":5.57,"windBearing":93,"cloudCover":0.25,"uvIndex":3,"visibility":10,"ozone":271}]},"daily":{"summary":"No
        precipitation throughout the week.","icon":"clear-day","data":[{"time":1572850800,"summary":"Clear
        throughout the day.","icon":"clear-day","sunriseTime":1572874380,"sunsetTime":1572911760,"moonPhase":0.27,"precipIntensity":0.0006,"precipIntensityMax":0.0032,"precipIntensityMaxTime":1572911760,"precipProbability":0.14,"precipType":"rain","temperatureHigh":49.24,"temperatureHighTime":1572891060,"temperatureLow":28.04,"temperatureLowTime":1572953460,"apparentTemperatureHigh":47.14,"apparentTemperatureHighTime":1572890340,"apparentTemperatureLow":23.47,"apparentTemperatureLowTime":1572955260,"dewPoint":28.34,"humidity":0.64,"pressure":1018.4,"windSpeed":3.48,"windGust":7.07,"windGustTime":1572895020,"windBearing":42,"cloudCover":0.36,"uvIndex":3,"uvIndexTime":1572893760,"visibility":10,"ozone":274.3,"temperatureMin":31.88,"temperatureMinTime":1572937200,"temperatureMax":49.24,"temperatureMaxTime":1572891060,"apparentTemperatureMin":27.99,"apparentTemperatureMinTime":1572937200,"apparentTemperatureMax":47.14,"apparentTemperatureMaxTime":1572890340},{"time":1572937200,"summary":"Clear
        throughout the day.","icon":"clear-day","sunriseTime":1572960840,"sunsetTime":1572998100,"moonPhase":0.3,"precipIntensity":0.0002,"precipIntensityMax":0.0005,"precipIntensityMaxTime":1572998580,"precipProbability":0.07,"precipType":"rain","temperatureHigh":55.63,"temperatureHighTime":1572986880,"temperatureLow":30.75,"temperatureLowTime":1573043460,"apparentTemperatureHigh":55.13,"apparentTemperatureHighTime":1572986880,"apparentTemperatureLow":26.45,"apparentTemperatureLowTime":1573042500,"dewPoint":27.03,"humidity":0.6,"pressure":1023.2,"windSpeed":4.11,"windGust":5.48,"windGustTime":1572964680,"windBearing":187,"cloudCover":0.32,"uvIndex":4,"uvIndexTime":1572979620,"visibility":10,"ozone":269.3,"temperatureMin":28.04,"temperatureMinTime":1572953460,"temperatureMax":55.63,"temperatureMaxTime":1572986880,"apparentTemperatureMin":23.47,"apparentTemperatureMinTime":1572955260,"apparentTemperatureMax":55.13,"apparentTemperatureMaxTime":1572986880},{"time":1573023600,"summary":"Clear
        throughout the day.","icon":"clear-day","sunriseTime":1573047360,"sunsetTime":1573084440,"moonPhase":0.33,"precipIntensity":0.0001,"precipIntensityMax":0.0004,"precipIntensityMaxTime":1573110000,"precipProbability":0.05,"precipType":"rain","temperatureHigh":50.53,"temperatureHighTime":1573066860,"temperatureLow":26.33,"temperatureLowTime":1573135440,"apparentTemperatureHigh":50.03,"apparentTemperatureHighTime":1573066740,"apparentTemperatureLow":22.38,"apparentTemperatureLowTime":1573133880,"dewPoint":27.34,"humidity":0.64,"pressure":1024.2,"windSpeed":5.08,"windGust":9.24,"windGustTime":1573090860,"windBearing":54,"cloudCover":0.46,"uvIndex":3,"uvIndexTime":1573065720,"visibility":10,"ozone":270.3,"temperatureMin":30.75,"temperatureMinTime":1573043460,"temperatureMax":50.53,"temperatureMaxTime":1573066860,"apparentTemperatureMin":26.45,"apparentTemperatureMinTime":1573042500,"apparentTemperatureMax":50.03,"apparentTemperatureMaxTime":1573066740},{"time":1573110000,"summary":"Partly
        cloudy throughout the day.","icon":"partly-cloudy-day","sunriseTime":1573133820,"sunsetTime":1573170780,"moonPhase":0.36,"precipIntensity":0.0003,"precipIntensityMax":0.0012,"precipIntensityMaxTime":1573117500,"precipProbability":0.18,"precipType":"rain","temperatureHigh":40.06,"temperatureHighTime":1573164240,"temperatureLow":31.88,"temperatureLowTime":1573191840,"apparentTemperatureHigh":36.79,"apparentTemperatureHighTime":1573163820,"apparentTemperatureLow":28.92,"apparentTemperatureLowTime":1573193100,"dewPoint":24.5,"humidity":0.7,"pressure":1031.6,"windSpeed":3.93,"windGust":8.19,"windGustTime":1573127040,"windBearing":49,"cloudCover":0.52,"uvIndex":3,"uvIndexTime":1573153200,"visibility":9.694,"ozone":271.8,"temperatureMin":26.33,"temperatureMinTime":1573135440,"temperatureMax":40.06,"temperatureMaxTime":1573164240,"apparentTemperatureMin":22.38,"apparentTemperatureMinTime":1573133880,"apparentTemperatureMax":36.79,"apparentTemperatureMaxTime":1573163820},{"time":1573196400,"summary":"Clear
        throughout the day.","icon":"clear-day","sunriseTime":1573220280,"sunsetTime":1573257120,"moonPhase":0.39,"precipIntensity":0.0001,"precipIntensityMax":0.0002,"precipIntensityMaxTime":1573212900,"precipProbability":0.02,"precipType":"rain","temperatureHigh":63.54,"temperatureHighTime":1573245720,"temperatureLow":39.55,"temperatureLowTime":1573305960,"apparentTemperatureHigh":63.04,"apparentTemperatureHighTime":1573245720,"apparentTemperatureLow":35.83,"apparentTemperatureLowTime":1573306320,"dewPoint":22.72,"humidity":0.4,"pressure":1025.1,"windSpeed":4.07,"windGust":6.41,"windGustTime":1573220640,"windBearing":209,"cloudCover":0.02,"uvIndex":4,"uvIndexTime":1573238820,"visibility":10,"ozone":256.7,"temperatureMin":32.39,"temperatureMinTime":1573196400,"temperatureMax":63.54,"temperatureMaxTime":1573245720,"apparentTemperatureMin":29.3,"apparentTemperatureMinTime":1573196400,"apparentTemperatureMax":63.04,"apparentTemperatureMaxTime":1573245720},{"time":1573282800,"summary":"Clear
        throughout the day.","icon":"clear-day","sunriseTime":1573306740,"sunsetTime":1573343460,"moonPhase":0.42,"precipIntensity":0.0001,"precipIntensityMax":0.0003,"precipIntensityMaxTime":1573293600,"precipProbability":0.01,"precipType":"rain","temperatureHigh":72.18,"temperatureHighTime":1573333080,"temperatureLow":36.05,"temperatureLowTime":1573394460,"apparentTemperatureHigh":71.68,"apparentTemperatureHighTime":1573333080,"apparentTemperatureLow":30.99,"apparentTemperatureLowTime":1573394220,"dewPoint":23.27,"humidity":0.33,"pressure":1020.6,"windSpeed":4.99,"windGust":15.19,"windGustTime":1573344480,"windBearing":224,"cloudCover":0.27,"uvIndex":4,"uvIndexTime":1573325040,"visibility":10,"ozone":257.3,"temperatureMin":39.55,"temperatureMinTime":1573305960,"temperatureMax":72.18,"temperatureMaxTime":1573333080,"apparentTemperatureMin":35.83,"apparentTemperatureMinTime":1573306320,"apparentTemperatureMax":71.68,"apparentTemperatureMaxTime":1573333080},{"time":1573369200,"summary":"Foggy
        in the evening and overnight.","icon":"fog","sunriseTime":1573393200,"sunsetTime":1573429800,"moonPhase":0.46,"precipIntensity":0.0011,"precipIntensityMax":0.0077,"precipIntensityMaxTime":1573452240,"precipProbability":0.04,"precipType":"rain","temperatureHigh":62.34,"temperatureHighTime":1573419180,"temperatureLow":36.84,"temperatureLowTime":1573479480,"apparentTemperatureHigh":61.84,"apparentTemperatureHighTime":1573419180,"apparentTemperatureLow":32.58,"apparentTemperatureLowTime":1573451580,"dewPoint":26.54,"humidity":0.47,"pressure":1021,"windSpeed":6.03,"windGust":15.13,"windGustTime":1573431600,"windBearing":100,"cloudCover":0.96,"uvIndex":3,"uvIndexTime":1573411620,"visibility":7.982,"ozone":264.3,"temperatureMin":36.05,"temperatureMinTime":1573394460,"temperatureMax":62.34,"temperatureMaxTime":1573419180,"apparentTemperatureMin":30.99,"apparentTemperatureMinTime":1573394220,"apparentTemperatureMax":61.84,"apparentTemperatureMaxTime":1573419180},{"time":1573455600,"summary":"Clear
        throughout the day.","icon":"clear-day","sunriseTime":1573479660,"sunsetTime":1573516140,"moonPhase":0.49,"precipIntensity":0.0006,"precipIntensityMax":0.0068,"precipIntensityMaxTime":1573455600,"precipProbability":0.06,"precipType":"rain","temperatureHigh":62.85,"temperatureHighTime":1573506000,"temperatureLow":37.71,"temperatureLowTime":1573563180,"apparentTemperatureHigh":62.35,"apparentTemperatureHighTime":1573506000,"apparentTemperatureLow":34.29,"apparentTemperatureLowTime":1573562700,"dewPoint":22.8,"humidity":0.39,"pressure":1021.1,"windSpeed":4.44,"windGust":6.69,"windGustTime":1573455600,"windBearing":131,"cloudCover":0.39,"uvIndex":3,"uvIndexTime":1573498500,"visibility":9.884,"ozone":276.5,"temperatureMin":36.84,"temperatureMinTime":1573479480,"temperatureMax":62.85,"temperatureMaxTime":1573506000,"apparentTemperatureMin":33.15,"apparentTemperatureMinTime":1573455600,"apparentTemperatureMax":62.35,"apparentTemperatureMaxTime":1573506000}]},"flags":{"sources":["nwspa","cmc","gfs","hrrr","icon","isd","madis","nam","sref","darksky","nearest-precip"],"nearest-station":1.332,"units":"us"},"offset":-7}

        '
    http_version: 
  recorded_at: Mon, 04 Nov 2019 17:29:36 GMT
- request:
    method: get
    uri: https://maps.googleapis.com/maps/api/geocode/json?address=denver%2Bco&key=<GOOGLE_API_KEY>
    body:
      encoding: US-ASCII
      string: ''
    headers:
      User-Agent:
      - Faraday v0.17.0
      Accept-Encoding:
      - gzip;q=1.0,deflate;q=0.6,identity;q=0.3
      Accept:
      - "*/*"
  response:
    status:
      code: 200
      message: OK
    headers:
      Content-Type:
      - application/json; charset=UTF-8
      Date:
      - Mon, 04 Nov 2019 17:29:36 GMT
      Pragma:
      - no-cache
      Expires:
      - Fri, 01 Jan 1990 00:00:00 GMT
      Cache-Control:
      - no-cache, must-revalidate
      Vary:
      - Accept-Language
      Access-Control-Allow-Origin:
      - "*"
      Server:
      - mafe
      X-Xss-Protection:
      - '0'
      X-Frame-Options:
      - SAMEORIGIN
      Server-Timing:
      - gfet4t7; dur=16
      Alt-Svc:
      - quic=":443"; ma=2592000; v="46,43",h3-Q049=":443"; ma=2592000,h3-Q048=":443";
        ma=2592000,h3-Q046=":443"; ma=2592000,h3-Q043=":443"; ma=2592000
      Transfer-Encoding:
      - chunked
    body:
      encoding: ASCII-8BIT
      string: |
        {
           "results" : [
              {
                 "address_components" : [
                    {
                       "long_name" : "Denver",
                       "short_name" : "Denver",
                       "types" : [ "locality", "political" ]
                    },
                    {
                       "long_name" : "Denver County",
                       "short_name" : "Denver County",
                       "types" : [ "administrative_area_level_2", "political" ]
                    },
                    {
                       "long_name" : "Colorado",
                       "short_name" : "CO",
                       "types" : [ "administrative_area_level_1", "political" ]
                    },
                    {
                       "long_name" : "United States",
                       "short_name" : "US",
                       "types" : [ "country", "political" ]
                    }
                 ],
                 "formatted_address" : "Denver, CO, USA",
                 "geometry" : {
                    "bounds" : {
                       "northeast" : {
                          "lat" : 39.91424689999999,
                          "lng" : -104.6002959
                       },
                       "southwest" : {
                          "lat" : 39.614431,
                          "lng" : -105.109927
                       }
                    },
                    "location" : {
                       "lat" : 39.7392358,
                       "lng" : -104.990251
                    },
                    "location_type" : "APPROXIMATE",
                    "viewport" : {
                       "northeast" : {
                          "lat" : 39.91424689999999,
                          "lng" : -104.6002959
                       },
                       "southwest" : {
                          "lat" : 39.614431,
                          "lng" : -105.109927
                       }
                    }
                 },
                 "place_id" : "ChIJzxcfI6qAa4cR1jaKJ_j0jhE",
                 "types" : [ "locality", "political" ]
              }
           ],
           "status" : "OK"
        }
    http_version: 
  recorded_at: Mon, 04 Nov 2019 17:29:36 GMT
- request:
    method: get
    uri: https://maps.googleapis.com/maps/api/geocode/json?address=denver%2Bco&key=<GOOGLE_API_KEY>
    body:
      encoding: US-ASCII
      string: ''
    headers:
      User-Agent:
      - Faraday v0.17.0
      Accept-Encoding:
      - gzip;q=1.0,deflate;q=0.6,identity;q=0.3
      Accept:
      - "*/*"
  response:
    status:
      code: 200
      message: OK
    headers:
      Content-Type:
      - application/json; charset=UTF-8
      Date:
      - Mon, 04 Nov 2019 17:29:36 GMT
      Pragma:
      - no-cache
      Expires:
      - Fri, 01 Jan 1990 00:00:00 GMT
      Cache-Control:
      - no-cache, must-revalidate
      Vary:
      - Accept-Language
      Access-Control-Allow-Origin:
      - "*"
      Server:
      - mafe
      X-Xss-Protection:
      - '0'
      X-Frame-Options:
      - SAMEORIGIN
      Server-Timing:
      - gfet4t7; dur=47
      Alt-Svc:
      - quic=":443"; ma=2592000; v="46,43",h3-Q049=":443"; ma=2592000,h3-Q048=":443";
        ma=2592000,h3-Q046=":443"; ma=2592000,h3-Q043=":443"; ma=2592000
      Transfer-Encoding:
      - chunked
    body:
      encoding: ASCII-8BIT
      string: |
        {
           "results" : [
              {
                 "address_components" : [
                    {
                       "long_name" : "Denver",
                       "short_name" : "Denver",
                       "types" : [ "locality", "political" ]
                    },
                    {
                       "long_name" : "Denver County",
                       "short_name" : "Denver County",
                       "types" : [ "administrative_area_level_2", "political" ]
                    },
                    {
                       "long_name" : "Colorado",
                       "short_name" : "CO",
                       "types" : [ "administrative_area_level_1", "political" ]
                    },
                    {
                       "long_name" : "United States",
                       "short_name" : "US",
                       "types" : [ "country", "political" ]
                    }
                 ],
                 "formatted_address" : "Denver, CO, USA",
                 "geometry" : {
                    "bounds" : {
                       "northeast" : {
                          "lat" : 39.91424689999999,
                          "lng" : -104.6002959
                       },
                       "southwest" : {
                          "lat" : 39.614431,
                          "lng" : -105.109927
                       }
                    },
                    "location" : {
                       "lat" : 39.7392358,
                       "lng" : -104.990251
                    },
                    "location_type" : "APPROXIMATE",
                    "viewport" : {
                       "northeast" : {
                          "lat" : 39.91424689999999,
                          "lng" : -104.6002959
                       },
                       "southwest" : {
                          "lat" : 39.614431,
                          "lng" : -105.109927
                       }
                    }
                 },
                 "place_id" : "ChIJzxcfI6qAa4cR1jaKJ_j0jhE",
                 "types" : [ "locality", "political" ]
              }
           ],
           "status" : "OK"
        }
    http_version: 
  recorded_at: Mon, 04 Nov 2019 17:29:36 GMT
- request:
    method: get
    uri: https://api.darksky.net/forecast/<DARKSKY_API_KEY>/39.7392,-104.9903
    body:
      encoding: US-ASCII
      string: ''
    headers:
      User-Agent:
      - Faraday v0.17.0
      Accept-Encoding:
      - gzip;q=1.0,deflate;q=0.6,identity;q=0.3
      Accept:
      - "*/*"
  response:
    status:
      code: 200
      message: OK
    headers:
      Date:
      - Mon, 04 Nov 2019 17:29:36 GMT
      Content-Type:
      - application/json; charset=utf-8
      Transfer-Encoding:
      - chunked
      Connection:
      - keep-alive
      X-Authentication-Time:
      - 722ms
      X-Forecast-Api-Calls:
      - '128'
      Cache-Control:
      - max-age=60
      Expires:
      - Mon, 04 Nov 2019 17:30:36 +0000
      X-Response-Time:
      - 119.833ms
      Vary:
      - Accept-Encoding
    body:
      encoding: ASCII-8BIT
      string: '{"latitude":39.7392,"longitude":-104.9903,"timezone":"America/Denver","currently":{"time":1572888576,"summary":"Partly
        Cloudy","icon":"partly-cloudy-day","nearestStormDistance":10,"nearestStormBearing":359,"precipIntensity":0,"precipProbability":0,"temperature":47.35,"apparentTemperature":46.68,"dewPoint":29.57,"humidity":0.5,"pressure":1016,"windSpeed":3.24,"windGust":5.56,"windBearing":29,"cloudCover":0.5,"uvIndex":3,"visibility":10,"ozone":278.5},"minutely":{"summary":"Partly
        cloudy for the hour.","icon":"partly-cloudy-day","data":[{"time":1572888540,"precipIntensity":0,"precipProbability":0},{"time":1572888600,"precipIntensity":0,"precipProbability":0},{"time":1572888660,"precipIntensity":0,"precipProbability":0},{"time":1572888720,"precipIntensity":0,"precipProbability":0},{"time":1572888780,"precipIntensity":0,"precipProbability":0},{"time":1572888840,"precipIntensity":0,"precipProbability":0},{"time":1572888900,"precipIntensity":0,"precipProbability":0},{"time":1572888960,"precipIntensity":0,"precipProbability":0},{"time":1572889020,"precipIntensity":0,"precipProbability":0},{"time":1572889080,"precipIntensity":0,"precipProbability":0},{"time":1572889140,"precipIntensity":0,"precipProbability":0},{"time":1572889200,"precipIntensity":0,"precipProbability":0},{"time":1572889260,"precipIntensity":0,"precipProbability":0},{"time":1572889320,"precipIntensity":0,"precipProbability":0},{"time":1572889380,"precipIntensity":0,"precipProbability":0},{"time":1572889440,"precipIntensity":0,"precipProbability":0},{"time":1572889500,"precipIntensity":0,"precipProbability":0},{"time":1572889560,"precipIntensity":0,"precipProbability":0},{"time":1572889620,"precipIntensity":0,"precipProbability":0},{"time":1572889680,"precipIntensity":0,"precipProbability":0},{"time":1572889740,"precipIntensity":0,"precipProbability":0},{"time":1572889800,"precipIntensity":0,"precipProbability":0},{"time":1572889860,"precipIntensity":0,"precipProbability":0},{"time":1572889920,"precipIntensity":0,"precipProbability":0},{"time":1572889980,"precipIntensity":0,"precipProbability":0},{"time":1572890040,"precipIntensity":0,"precipProbability":0},{"time":1572890100,"precipIntensity":0,"precipProbability":0},{"time":1572890160,"precipIntensity":0,"precipProbability":0},{"time":1572890220,"precipIntensity":0,"precipProbability":0},{"time":1572890280,"precipIntensity":0.004,"precipIntensityError":0.001,"precipProbability":0.01,"precipType":"rain"},{"time":1572890340,"precipIntensity":0.004,"precipIntensityError":0.002,"precipProbability":0.02,"precipType":"rain"},{"time":1572890400,"precipIntensity":0,"precipProbability":0},{"time":1572890460,"precipIntensity":0,"precipProbability":0},{"time":1572890520,"precipIntensity":0,"precipProbability":0},{"time":1572890580,"precipIntensity":0,"precipProbability":0},{"time":1572890640,"precipIntensity":0,"precipProbability":0},{"time":1572890700,"precipIntensity":0,"precipProbability":0},{"time":1572890760,"precipIntensity":0,"precipProbability":0},{"time":1572890820,"precipIntensity":0,"precipProbability":0},{"time":1572890880,"precipIntensity":0,"precipProbability":0},{"time":1572890940,"precipIntensity":0,"precipProbability":0},{"time":1572891000,"precipIntensity":0.003,"precipIntensityError":0.001,"precipProbability":0.03,"precipType":"rain"},{"time":1572891060,"precipIntensity":0.003,"precipIntensityError":0.001,"precipProbability":0.03,"precipType":"rain"},{"time":1572891120,"precipIntensity":0.004,"precipIntensityError":0.002,"precipProbability":0.03,"precipType":"rain"},{"time":1572891180,"precipIntensity":0.003,"precipIntensityError":0.001,"precipProbability":0.03,"precipType":"rain"},{"time":1572891240,"precipIntensity":0.004,"precipIntensityError":0.001,"precipProbability":0.02,"precipType":"rain"},{"time":1572891300,"precipIntensity":0.003,"precipIntensityError":0.001,"precipProbability":0.02,"precipType":"rain"},{"time":1572891360,"precipIntensity":0.004,"precipIntensityError":0.002,"precipProbability":0.02,"precipType":"rain"},{"time":1572891420,"precipIntensity":0.003,"precipIntensityError":0.001,"precipProbability":0.02,"precipType":"rain"},{"time":1572891480,"precipIntensity":0.004,"precipIntensityError":0.001,"precipProbability":0.02,"precipType":"rain"},{"time":1572891540,"precipIntensity":0.003,"precipIntensityError":0.001,"precipProbability":0.01,"precipType":"rain"},{"time":1572891600,"precipIntensity":0,"precipProbability":0},{"time":1572891660,"precipIntensity":0.004,"precipIntensityError":0.003,"precipProbability":0.01,"precipType":"rain"},{"time":1572891720,"precipIntensity":0.004,"precipIntensityError":0.003,"precipProbability":0.01,"precipType":"rain"},{"time":1572891780,"precipIntensity":0.004,"precipIntensityError":0.002,"precipProbability":0.01,"precipType":"rain"},{"time":1572891840,"precipIntensity":0.004,"precipIntensityError":0.001,"precipProbability":0.01,"precipType":"rain"},{"time":1572891900,"precipIntensity":0.003,"precipIntensityError":0.001,"precipProbability":0.01,"precipType":"rain"},{"time":1572891960,"precipIntensity":0,"precipProbability":0},{"time":1572892020,"precipIntensity":0.004,"precipIntensityError":0.002,"precipProbability":0.01,"precipType":"rain"},{"time":1572892080,"precipIntensity":0,"precipProbability":0},{"time":1572892140,"precipIntensity":0.003,"precipIntensityError":0.001,"precipProbability":0.01,"precipType":"rain"}]},"hourly":{"summary":"Clear
        throughout the day.","icon":"clear-day","data":[{"time":1572886800,"summary":"Partly
        Cloudy","icon":"partly-cloudy-day","precipIntensity":0,"precipProbability":0,"temperature":45.48,"apparentTemperature":45.48,"dewPoint":28.95,"humidity":0.52,"pressure":1016.4,"windSpeed":2.46,"windGust":5.18,"windBearing":31,"cloudCover":0.57,"uvIndex":2,"visibility":10,"ozone":278.2},{"time":1572890400,"summary":"Partly
        Cloudy","icon":"partly-cloudy-day","precipIntensity":0.0011,"precipProbability":0.03,"precipType":"rain","temperature":48.63,"apparentTemperature":47.14,"dewPoint":30.23,"humidity":0.49,"pressure":1015.8,"windSpeed":4.21,"windGust":6.08,"windBearing":28,"cloudCover":0.42,"uvIndex":3,"visibility":10,"ozone":278.8},{"time":1572894000,"summary":"Clear","icon":"clear-day","precipIntensity":0.0004,"precipProbability":0.03,"precipType":"rain","temperature":47.87,"apparentTemperature":45.39,"dewPoint":31.5,"humidity":0.53,"pressure":1016.8,"windSpeed":5.53,"windGust":7.02,"windBearing":39,"cloudCover":0.27,"uvIndex":3,"visibility":10,"ozone":279.1},{"time":1572897600,"summary":"Clear","icon":"clear-day","precipIntensity":0.0014,"precipProbability":0.04,"precipType":"rain","temperature":46.86,"apparentTemperature":43.9,"dewPoint":32.15,"humidity":0.56,"pressure":1017.4,"windSpeed":6.05,"windGust":6.89,"windBearing":46,"cloudCover":0.12,"uvIndex":3,"visibility":10,"ozone":279.1},{"time":1572901200,"summary":"Clear","icon":"clear-day","precipIntensity":0.0016,"precipProbability":0.04,"precipType":"rain","temperature":46.64,"apparentTemperature":43.79,"dewPoint":32.01,"humidity":0.57,"pressure":1017.3,"windSpeed":5.79,"windGust":6.32,"windBearing":46,"cloudCover":0.03,"uvIndex":2,"visibility":10,"ozone":279.2},{"time":1572904800,"summary":"Clear","icon":"clear-day","precipIntensity":0,"precipProbability":0,"temperature":46.11,"apparentTemperature":43.58,"dewPoint":31.63,"humidity":0.57,"pressure":1018.3,"windSpeed":5.09,"windGust":6.85,"windBearing":43,"cloudCover":0.04,"uvIndex":1,"visibility":10,"ozone":279.8},{"time":1572908400,"summary":"Clear","icon":"clear-day","precipIntensity":0.002,"precipProbability":0.04,"precipType":"rain","temperature":43.97,"apparentTemperature":41.36,"dewPoint":31.38,"humidity":0.61,"pressure":1018.7,"windSpeed":4.68,"windGust":6.25,"windBearing":40,"cloudCover":0.01,"uvIndex":0,"visibility":10,"ozone":280.5},{"time":1572912000,"summary":"Clear","icon":"clear-night","precipIntensity":0.0032,"precipProbability":0.06,"precipType":"rain","temperature":41.11,"apparentTemperature":39.02,"dewPoint":30.85,"humidity":0.67,"pressure":1020.1,"windSpeed":3.56,"windGust":5.8,"windBearing":45,"cloudCover":0.01,"uvIndex":0,"visibility":10,"ozone":281.1},{"time":1572915600,"summary":"Clear","icon":"clear-night","precipIntensity":0.0013,"precipProbability":0.04,"precipType":"rain","temperature":38.48,"apparentTemperature":36.16,"dewPoint":29.82,"humidity":0.71,"pressure":1021.4,"windSpeed":3.42,"windGust":5.57,"windBearing":66,"cloudCover":0.06,"uvIndex":0,"visibility":10,"ozone":281.5},{"time":1572919200,"summary":"Clear","icon":"clear-night","precipIntensity":0.0014,"precipProbability":0.03,"precipType":"rain","temperature":36.38,"apparentTemperature":33.94,"dewPoint":28.48,"humidity":0.73,"pressure":1022.7,"windSpeed":3.27,"windGust":3.98,"windBearing":103,"cloudCover":0.13,"uvIndex":0,"visibility":10,"ozone":281.8},{"time":1572922800,"summary":"Clear","icon":"clear-night","precipIntensity":0.0003,"precipProbability":0.02,"precipType":"rain","temperature":34.92,"apparentTemperature":34.92,"dewPoint":27.54,"humidity":0.74,"pressure":1023.7,"windSpeed":2.72,"windGust":2.78,"windBearing":224,"cloudCover":0.2,"uvIndex":0,"visibility":10,"ozone":281.5},{"time":1572926400,"summary":"Clear","icon":"clear-night","precipIntensity":0.0003,"precipProbability":0.02,"precipType":"rain","temperature":34.35,"apparentTemperature":30.62,"dewPoint":26.78,"humidity":0.74,"pressure":1024.3,"windSpeed":4.17,"windGust":5.35,"windBearing":180,"cloudCover":0.21,"uvIndex":0,"visibility":10,"ozone":280.2},{"time":1572930000,"summary":"Clear","icon":"clear-night","precipIntensity":0.002,"precipProbability":0.02,"precipType":"rain","temperature":33.97,"apparentTemperature":30,"dewPoint":26.16,"humidity":0.73,"pressure":1024.6,"windSpeed":4.34,"windGust":6.14,"windBearing":213,"cloudCover":0.21,"uvIndex":0,"visibility":10,"ozone":278.5},{"time":1572933600,"summary":"Clear","icon":"clear-night","precipIntensity":0.0004,"precipProbability":0.01,"precipType":"rain","temperature":33.52,"apparentTemperature":29.35,"dewPoint":25.32,"humidity":0.72,"pressure":1024.7,"windSpeed":4.48,"windGust":6.77,"windBearing":218,"cloudCover":0.21,"uvIndex":0,"visibility":10,"ozone":277.1},{"time":1572937200,"summary":"Clear","icon":"clear-night","precipIntensity":0.0002,"precipProbability":0.01,"precipType":"rain","temperature":32.37,"apparentTemperature":27.99,"dewPoint":23.14,"humidity":0.68,"pressure":1026.2,"windSpeed":4.5,"windGust":5.28,"windBearing":182,"cloudCover":0.31,"uvIndex":0,"visibility":10,"ozone":276.6},{"time":1572940800,"summary":"Clear","icon":"clear-night","precipIntensity":0.0002,"precipProbability":0.01,"precipType":"rain","temperature":31.96,"apparentTemperature":27.84,"dewPoint":22.51,"humidity":0.68,"pressure":1025.8,"windSpeed":4.17,"windGust":4.52,"windBearing":200,"cloudCover":0.31,"uvIndex":0,"visibility":10,"ozone":276.6},{"time":1572944400,"summary":"Clear","icon":"clear-night","precipIntensity":0,"precipProbability":0,"temperature":30.92,"apparentTemperature":26.8,"dewPoint":21.84,"humidity":0.69,"pressure":1025.5,"windSpeed":4.02,"windGust":4.04,"windBearing":216,"cloudCover":0.31,"uvIndex":0,"visibility":10,"ozone":276.4},{"time":1572948000,"summary":"Clear","icon":"clear-night","precipIntensity":0,"precipProbability":0,"temperature":29.77,"apparentTemperature":25.37,"dewPoint":21.1,"humidity":0.7,"pressure":1025.5,"windSpeed":4.12,"windGust":4.13,"windBearing":195,"cloudCover":0.31,"uvIndex":0,"visibility":10,"ozone":276.2},{"time":1572951600,"summary":"Clear","icon":"clear-night","precipIntensity":0,"precipProbability":0,"temperature":28.67,"apparentTemperature":23.83,"dewPoint":20.42,"humidity":0.71,"pressure":1025.7,"windSpeed":4.35,"windGust":4.37,"windBearing":178,"cloudCover":0.31,"uvIndex":0,"visibility":10,"ozone":275.8},{"time":1572955200,"summary":"Clear","icon":"clear-night","precipIntensity":0.0003,"precipProbability":0.01,"precipType":"snow","precipAccumulation":0.0016,"temperature":28.6,"apparentTemperature":23.47,"dewPoint":20.31,"humidity":0.71,"pressure":1025.8,"windSpeed":4.62,"windGust":4.64,"windBearing":191,"cloudCover":0.31,"uvIndex":0,"visibility":10,"ozone":275},{"time":1572958800,"summary":"Partly
        Cloudy","icon":"partly-cloudy-night","precipIntensity":0,"precipProbability":0,"temperature":29.22,"apparentTemperature":23.81,"dewPoint":21.06,"humidity":0.71,"pressure":1025.9,"windSpeed":5,"windGust":5.01,"windBearing":199,"cloudCover":0.32,"uvIndex":0,"visibility":10,"ozone":273.2},{"time":1572962400,"summary":"Partly
        Cloudy","icon":"partly-cloudy-day","precipIntensity":0,"precipProbability":0,"temperature":30.3,"apparentTemperature":24.73,"dewPoint":22.63,"humidity":0.73,"pressure":1025.8,"windSpeed":5.38,"windGust":5.39,"windBearing":202,"cloudCover":0.33,"uvIndex":0,"visibility":10,"ozone":270.6},{"time":1572966000,"summary":"Partly
        Cloudy","icon":"partly-cloudy-day","precipIntensity":0,"precipProbability":0,"temperature":32.73,"apparentTemperature":27.57,"dewPoint":24.78,"humidity":0.72,"pressure":1025.4,"windSpeed":5.42,"windGust":5.43,"windBearing":199,"cloudCover":0.33,"uvIndex":0,"visibility":10,"ozone":268.9},{"time":1572969600,"summary":"Partly
        Cloudy","icon":"partly-cloudy-day","precipIntensity":0,"precipProbability":0,"temperature":37.65,"apparentTemperature":33.89,"dewPoint":27.4,"humidity":0.66,"pressure":1024.4,"windSpeed":4.78,"windGust":4.82,"windBearing":182,"cloudCover":0.33,"uvIndex":1,"visibility":10,"ozone":268.7},{"time":1572973200,"summary":"Partly
        Cloudy","icon":"partly-cloudy-day","precipIntensity":0,"precipProbability":0,"temperature":43.96,"apparentTemperature":42.08,"dewPoint":29.91,"humidity":0.57,"pressure":1022.9,"windSpeed":3.79,"windGust":4.59,"windBearing":167,"cloudCover":0.32,"uvIndex":3,"visibility":10,"ozone":269.4},{"time":1572976800,"summary":"Clear","icon":"clear-day","precipIntensity":0,"precipProbability":0,"temperature":48.98,"apparentTemperature":48.44,"dewPoint":32.03,"humidity":0.52,"pressure":1021.5,"windSpeed":3.09,"windGust":4.31,"windBearing":152,"cloudCover":0.31,"uvIndex":3,"visibility":10,"ozone":269.6},{"time":1572980400,"summary":"Clear","icon":"clear-day","precipIntensity":0,"precipProbability":0,"temperature":52.48,"apparentTemperature":52.48,"dewPoint":33.4,"humidity":0.48,"pressure":1020.4,"windSpeed":2.92,"windGust":3.82,"windBearing":113,"cloudCover":0.3,"uvIndex":3,"visibility":10,"ozone":268.8},{"time":1572984000,"summary":"Clear","icon":"clear-day","precipIntensity":0,"precipProbability":0,"temperature":54.51,"apparentTemperature":54.51,"dewPoint":34.24,"humidity":0.46,"pressure":1019.3,"windSpeed":3,"windGust":3.25,"windBearing":84,"cloudCover":0.27,"uvIndex":3,"visibility":10,"ozone":267.6},{"time":1572987600,"summary":"Clear","icon":"clear-day","precipIntensity":0.0002,"precipProbability":0.01,"precipType":"rain","temperature":55.08,"apparentTemperature":55.08,"dewPoint":34.44,"humidity":0.46,"pressure":1018.7,"windSpeed":3.03,"windGust":3.06,"windBearing":77,"cloudCover":0.26,"uvIndex":2,"visibility":10,"ozone":266.8},{"time":1572991200,"summary":"Clear","icon":"clear-day","precipIntensity":0.0003,"precipProbability":0.01,"precipType":"rain","temperature":53.42,"apparentTemperature":53.42,"dewPoint":34.1,"humidity":0.48,"pressure":1018.9,"windSpeed":2.84,"windGust":2.86,"windBearing":98,"cloudCover":0.26,"uvIndex":1,"visibility":10,"ozone":267.2},{"time":1572994800,"summary":"Clear","icon":"clear-day","precipIntensity":0.0005,"precipProbability":0.01,"precipType":"rain","temperature":49.63,"apparentTemperature":49.63,"dewPoint":34.08,"humidity":0.55,"pressure":1019.5,"windSpeed":2.62,"windGust":2.69,"windBearing":144,"cloudCover":0.27,"uvIndex":0,"visibility":10,"ozone":268},{"time":1572998400,"summary":"Clear","icon":"clear-night","precipIntensity":0.0005,"precipProbability":0.02,"precipType":"rain","temperature":46.03,"apparentTemperature":46.03,"dewPoint":32.74,"humidity":0.6,"pressure":1020.3,"windSpeed":2.7,"windGust":2.88,"windBearing":174,"cloudCover":0.29,"uvIndex":0,"visibility":10,"ozone":268.3},{"time":1573002000,"summary":"Partly
        Cloudy","icon":"partly-cloudy-night","precipIntensity":0.0005,"precipProbability":0.01,"precipType":"rain","temperature":43.61,"apparentTemperature":42.07,"dewPoint":30.81,"humidity":0.6,"pressure":1021.3,"windSpeed":3.36,"windGust":3.48,"windBearing":189,"cloudCover":0.32,"uvIndex":0,"visibility":10,"ozone":267.6},{"time":1573005600,"summary":"Partly
        Cloudy","icon":"partly-cloudy-night","precipIntensity":0.0004,"precipProbability":0.01,"precipType":"rain","temperature":41.58,"apparentTemperature":38.87,"dewPoint":28.38,"humidity":0.59,"pressure":1022.4,"windSpeed":4.31,"windGust":4.35,"windBearing":204,"cloudCover":0.37,"uvIndex":0,"visibility":10,"ozone":266.1},{"time":1573009200,"summary":"Partly
        Cloudy","icon":"partly-cloudy-night","precipIntensity":0.0003,"precipProbability":0.01,"precipType":"rain","temperature":40.21,"apparentTemperature":36.73,"dewPoint":26.75,"humidity":0.58,"pressure":1023.4,"windSpeed":4.99,"windGust":5.01,"windBearing":214,"cloudCover":0.39,"uvIndex":0,"visibility":10,"ozone":264.9},{"time":1573012800,"summary":"Partly
        Cloudy","icon":"partly-cloudy-night","precipIntensity":0.0002,"precipProbability":0.01,"precipType":"rain","temperature":39.3,"apparentTemperature":35.5,"dewPoint":25.33,"humidity":0.57,"pressure":1024,"windSpeed":5.19,"windGust":5.19,"windBearing":216,"cloudCover":0.38,"uvIndex":0,"visibility":10,"ozone":263.6},{"time":1573016400,"summary":"Partly
        Cloudy","icon":"partly-cloudy-night","precipIntensity":0,"precipProbability":0,"temperature":38.53,"apparentTemperature":34.63,"dewPoint":24.12,"humidity":0.56,"pressure":1024.1,"windSpeed":5.14,"windGust":5.16,"windBearing":213,"cloudCover":0.35,"uvIndex":0,"visibility":10,"ozone":262.5},{"time":1573020000,"summary":"Partly
        Cloudy","icon":"partly-cloudy-night","precipIntensity":0,"precipProbability":0,"temperature":37.76,"apparentTemperature":33.81,"dewPoint":23.36,"humidity":0.56,"pressure":1024.3,"windSpeed":5.04,"windGust":5.07,"windBearing":210,"cloudCover":0.33,"uvIndex":0,"visibility":10,"ozone":261.8},{"time":1573023600,"summary":"Partly
        Cloudy","icon":"partly-cloudy-night","precipIntensity":0,"precipProbability":0,"temperature":37.07,"apparentTemperature":33.11,"dewPoint":22.97,"humidity":0.56,"pressure":1024.3,"windSpeed":4.9,"windGust":4.94,"windBearing":211,"cloudCover":0.33,"uvIndex":0,"visibility":10,"ozone":261.5},{"time":1573027200,"summary":"Partly
        Cloudy","icon":"partly-cloudy-night","precipIntensity":0,"precipProbability":0,"temperature":36.25,"apparentTemperature":32.29,"dewPoint":22.64,"humidity":0.57,"pressure":1024.2,"windSpeed":4.74,"windGust":4.78,"windBearing":214,"cloudCover":0.33,"uvIndex":0,"visibility":10,"ozone":261.5},{"time":1573030800,"summary":"Partly
        Cloudy","icon":"partly-cloudy-night","precipIntensity":0,"precipProbability":0,"temperature":35.33,"apparentTemperature":31.29,"dewPoint":22.24,"humidity":0.59,"pressure":1024.1,"windSpeed":4.65,"windGust":4.7,"windBearing":217,"cloudCover":0.33,"uvIndex":0,"visibility":10,"ozone":262},{"time":1573034400,"summary":"Partly
        Cloudy","icon":"partly-cloudy-night","precipIntensity":0,"precipProbability":0,"temperature":33.76,"apparentTemperature":29.43,"dewPoint":21.48,"humidity":0.6,"pressure":1024.2,"windSpeed":4.68,"windGust":4.73,"windBearing":219,"cloudCover":0.33,"uvIndex":0,"visibility":10,"ozone":262.9},{"time":1573038000,"summary":"Partly
        Cloudy","icon":"partly-cloudy-night","precipIntensity":0,"precipProbability":0,"temperature":32.29,"apparentTemperature":27.58,"dewPoint":20.84,"humidity":0.62,"pressure":1023.8,"windSpeed":4.82,"windGust":4.85,"windBearing":220,"cloudCover":0.33,"uvIndex":0,"visibility":10,"ozone":264.2},{"time":1573041600,"summary":"Partly
        Cloudy","icon":"partly-cloudy-night","precipIntensity":0,"precipProbability":0,"temperature":31.35,"apparentTemperature":26.5,"dewPoint":20.63,"humidity":0.64,"pressure":1023.9,"windSpeed":4.8,"windGust":4.83,"windBearing":214,"cloudCover":0.33,"uvIndex":0,"visibility":10,"ozone":265.5},{"time":1573045200,"summary":"Partly
        Cloudy","icon":"partly-cloudy-night","precipIntensity":0,"precipProbability":0,"temperature":31.29,"apparentTemperature":26.74,"dewPoint":20.95,"humidity":0.65,"pressure":1024.1,"windSpeed":4.48,"windGust":4.51,"windBearing":201,"cloudCover":0.33,"uvIndex":0,"visibility":10,"ozone":266.9},{"time":1573048800,"summary":"Partly
        Cloudy","icon":"partly-cloudy-day","precipIntensity":0,"precipProbability":0,"temperature":31.67,"apparentTemperature":27.66,"dewPoint":21.86,"humidity":0.67,"pressure":1024.7,"windSpeed":4.04,"windGust":4.06,"windBearing":236,"cloudCover":0.33,"uvIndex":0,"visibility":10,"ozone":268.3},{"time":1573052400,"summary":"Partly
        Cloudy","icon":"partly-cloudy-day","precipIntensity":0,"precipProbability":0,"temperature":34.23,"apparentTemperature":30.85,"dewPoint":23.55,"humidity":0.65,"pressure":1024.7,"windSpeed":3.82,"windGust":3.85,"windBearing":224,"cloudCover":0.32,"uvIndex":0,"visibility":10,"ozone":269.6},{"time":1573056000,"summary":"Clear","icon":"clear-day","precipIntensity":0,"precipProbability":0,"temperature":38.79,"apparentTemperature":35.8,"dewPoint":26.31,"humidity":0.61,"pressure":1023.7,"windSpeed":4.13,"windGust":4.24,"windBearing":190,"cloudCover":0.29,"uvIndex":1,"visibility":10,"ozone":270.4},{"time":1573059600,"summary":"Clear","icon":"clear-day","precipIntensity":0.0002,"precipProbability":0.01,"precipType":"rain","temperature":44.96,"apparentTemperature":42.51,"dewPoint":29.99,"humidity":0.56,"pressure":1022.3,"windSpeed":4.69,"windGust":5.57,"windBearing":93,"cloudCover":0.25,"uvIndex":3,"visibility":10,"ozone":271}]},"daily":{"summary":"No
        precipitation throughout the week.","icon":"clear-day","data":[{"time":1572850800,"summary":"Clear
        throughout the day.","icon":"clear-day","sunriseTime":1572874380,"sunsetTime":1572911760,"moonPhase":0.27,"precipIntensity":0.0006,"precipIntensityMax":0.0032,"precipIntensityMaxTime":1572911760,"precipProbability":0.14,"precipType":"rain","temperatureHigh":49.24,"temperatureHighTime":1572891060,"temperatureLow":28.04,"temperatureLowTime":1572953460,"apparentTemperatureHigh":47.14,"apparentTemperatureHighTime":1572890340,"apparentTemperatureLow":23.47,"apparentTemperatureLowTime":1572955260,"dewPoint":28.34,"humidity":0.64,"pressure":1018.4,"windSpeed":3.48,"windGust":7.07,"windGustTime":1572895020,"windBearing":42,"cloudCover":0.36,"uvIndex":3,"uvIndexTime":1572893760,"visibility":10,"ozone":274.3,"temperatureMin":31.88,"temperatureMinTime":1572937200,"temperatureMax":49.24,"temperatureMaxTime":1572891060,"apparentTemperatureMin":27.99,"apparentTemperatureMinTime":1572937200,"apparentTemperatureMax":47.14,"apparentTemperatureMaxTime":1572890340},{"time":1572937200,"summary":"Clear
        throughout the day.","icon":"clear-day","sunriseTime":1572960840,"sunsetTime":1572998100,"moonPhase":0.3,"precipIntensity":0.0002,"precipIntensityMax":0.0005,"precipIntensityMaxTime":1572998580,"precipProbability":0.07,"precipType":"rain","temperatureHigh":55.63,"temperatureHighTime":1572986880,"temperatureLow":30.75,"temperatureLowTime":1573043460,"apparentTemperatureHigh":55.13,"apparentTemperatureHighTime":1572986880,"apparentTemperatureLow":26.45,"apparentTemperatureLowTime":1573042500,"dewPoint":27.03,"humidity":0.6,"pressure":1023.2,"windSpeed":4.11,"windGust":5.48,"windGustTime":1572964680,"windBearing":187,"cloudCover":0.32,"uvIndex":4,"uvIndexTime":1572979620,"visibility":10,"ozone":269.3,"temperatureMin":28.04,"temperatureMinTime":1572953460,"temperatureMax":55.63,"temperatureMaxTime":1572986880,"apparentTemperatureMin":23.47,"apparentTemperatureMinTime":1572955260,"apparentTemperatureMax":55.13,"apparentTemperatureMaxTime":1572986880},{"time":1573023600,"summary":"Clear
        throughout the day.","icon":"clear-day","sunriseTime":1573047360,"sunsetTime":1573084440,"moonPhase":0.33,"precipIntensity":0.0001,"precipIntensityMax":0.0004,"precipIntensityMaxTime":1573110000,"precipProbability":0.05,"precipType":"rain","temperatureHigh":50.53,"temperatureHighTime":1573066860,"temperatureLow":26.33,"temperatureLowTime":1573135440,"apparentTemperatureHigh":50.03,"apparentTemperatureHighTime":1573066740,"apparentTemperatureLow":22.38,"apparentTemperatureLowTime":1573133880,"dewPoint":27.34,"humidity":0.64,"pressure":1024.2,"windSpeed":5.08,"windGust":9.24,"windGustTime":1573090860,"windBearing":54,"cloudCover":0.46,"uvIndex":3,"uvIndexTime":1573065720,"visibility":10,"ozone":270.3,"temperatureMin":30.75,"temperatureMinTime":1573043460,"temperatureMax":50.53,"temperatureMaxTime":1573066860,"apparentTemperatureMin":26.45,"apparentTemperatureMinTime":1573042500,"apparentTemperatureMax":50.03,"apparentTemperatureMaxTime":1573066740},{"time":1573110000,"summary":"Partly
        cloudy throughout the day.","icon":"partly-cloudy-day","sunriseTime":1573133820,"sunsetTime":1573170780,"moonPhase":0.36,"precipIntensity":0.0003,"precipIntensityMax":0.0012,"precipIntensityMaxTime":1573117500,"precipProbability":0.18,"precipType":"rain","temperatureHigh":40.06,"temperatureHighTime":1573164240,"temperatureLow":31.88,"temperatureLowTime":1573191840,"apparentTemperatureHigh":36.79,"apparentTemperatureHighTime":1573163820,"apparentTemperatureLow":28.92,"apparentTemperatureLowTime":1573193100,"dewPoint":24.5,"humidity":0.7,"pressure":1031.6,"windSpeed":3.93,"windGust":8.19,"windGustTime":1573127040,"windBearing":49,"cloudCover":0.52,"uvIndex":3,"uvIndexTime":1573153200,"visibility":9.694,"ozone":271.8,"temperatureMin":26.33,"temperatureMinTime":1573135440,"temperatureMax":40.06,"temperatureMaxTime":1573164240,"apparentTemperatureMin":22.38,"apparentTemperatureMinTime":1573133880,"apparentTemperatureMax":36.79,"apparentTemperatureMaxTime":1573163820},{"time":1573196400,"summary":"Clear
        throughout the day.","icon":"clear-day","sunriseTime":1573220280,"sunsetTime":1573257120,"moonPhase":0.39,"precipIntensity":0.0001,"precipIntensityMax":0.0002,"precipIntensityMaxTime":1573212900,"precipProbability":0.02,"precipType":"rain","temperatureHigh":63.54,"temperatureHighTime":1573245720,"temperatureLow":39.55,"temperatureLowTime":1573305960,"apparentTemperatureHigh":63.04,"apparentTemperatureHighTime":1573245720,"apparentTemperatureLow":35.83,"apparentTemperatureLowTime":1573306320,"dewPoint":22.72,"humidity":0.4,"pressure":1025.1,"windSpeed":4.07,"windGust":6.41,"windGustTime":1573220640,"windBearing":209,"cloudCover":0.02,"uvIndex":4,"uvIndexTime":1573238820,"visibility":10,"ozone":256.7,"temperatureMin":32.39,"temperatureMinTime":1573196400,"temperatureMax":63.54,"temperatureMaxTime":1573245720,"apparentTemperatureMin":29.3,"apparentTemperatureMinTime":1573196400,"apparentTemperatureMax":63.04,"apparentTemperatureMaxTime":1573245720},{"time":1573282800,"summary":"Clear
        throughout the day.","icon":"clear-day","sunriseTime":1573306740,"sunsetTime":1573343460,"moonPhase":0.42,"precipIntensity":0.0001,"precipIntensityMax":0.0003,"precipIntensityMaxTime":1573293600,"precipProbability":0.01,"precipType":"rain","temperatureHigh":72.18,"temperatureHighTime":1573333080,"temperatureLow":36.05,"temperatureLowTime":1573394460,"apparentTemperatureHigh":71.68,"apparentTemperatureHighTime":1573333080,"apparentTemperatureLow":30.99,"apparentTemperatureLowTime":1573394220,"dewPoint":23.27,"humidity":0.33,"pressure":1020.6,"windSpeed":4.99,"windGust":15.19,"windGustTime":1573344480,"windBearing":224,"cloudCover":0.27,"uvIndex":4,"uvIndexTime":1573325040,"visibility":10,"ozone":257.3,"temperatureMin":39.55,"temperatureMinTime":1573305960,"temperatureMax":72.18,"temperatureMaxTime":1573333080,"apparentTemperatureMin":35.83,"apparentTemperatureMinTime":1573306320,"apparentTemperatureMax":71.68,"apparentTemperatureMaxTime":1573333080},{"time":1573369200,"summary":"Foggy
        in the evening and overnight.","icon":"fog","sunriseTime":1573393200,"sunsetTime":1573429800,"moonPhase":0.46,"precipIntensity":0.0011,"precipIntensityMax":0.0077,"precipIntensityMaxTime":1573452240,"precipProbability":0.04,"precipType":"rain","temperatureHigh":62.34,"temperatureHighTime":1573419180,"temperatureLow":36.84,"temperatureLowTime":1573479480,"apparentTemperatureHigh":61.84,"apparentTemperatureHighTime":1573419180,"apparentTemperatureLow":32.58,"apparentTemperatureLowTime":1573451580,"dewPoint":26.54,"humidity":0.47,"pressure":1021,"windSpeed":6.03,"windGust":15.13,"windGustTime":1573431600,"windBearing":100,"cloudCover":0.96,"uvIndex":3,"uvIndexTime":1573411620,"visibility":7.982,"ozone":264.3,"temperatureMin":36.05,"temperatureMinTime":1573394460,"temperatureMax":62.34,"temperatureMaxTime":1573419180,"apparentTemperatureMin":30.99,"apparentTemperatureMinTime":1573394220,"apparentTemperatureMax":61.84,"apparentTemperatureMaxTime":1573419180},{"time":1573455600,"summary":"Clear
        throughout the day.","icon":"clear-day","sunriseTime":1573479660,"sunsetTime":1573516140,"moonPhase":0.49,"precipIntensity":0.0006,"precipIntensityMax":0.0068,"precipIntensityMaxTime":1573455600,"precipProbability":0.06,"precipType":"rain","temperatureHigh":62.85,"temperatureHighTime":1573506000,"temperatureLow":37.71,"temperatureLowTime":1573563180,"apparentTemperatureHigh":62.35,"apparentTemperatureHighTime":1573506000,"apparentTemperatureLow":34.29,"apparentTemperatureLowTime":1573562700,"dewPoint":22.8,"humidity":0.39,"pressure":1021.1,"windSpeed":4.44,"windGust":6.69,"windGustTime":1573455600,"windBearing":131,"cloudCover":0.39,"uvIndex":3,"uvIndexTime":1573498500,"visibility":9.884,"ozone":276.5,"temperatureMin":36.84,"temperatureMinTime":1573479480,"temperatureMax":62.85,"temperatureMaxTime":1573506000,"apparentTemperatureMin":33.15,"apparentTemperatureMinTime":1573455600,"apparentTemperatureMax":62.35,"apparentTemperatureMaxTime":1573506000}]},"flags":{"sources":["nwspa","cmc","gfs","hrrr","icon","isd","madis","nam","sref","darksky","nearest-precip"],"nearest-station":1.332,"units":"us"},"offset":-7}

        '
    http_version: 
  recorded_at: Mon, 04 Nov 2019 17:29:36 GMT
- request:
    method: get
    uri: https://maps.googleapis.com/maps/api/geocode/json?address=denver%2Bco&key=<GOOGLE_API_KEY>
    body:
      encoding: US-ASCII
      string: ''
    headers:
      User-Agent:
      - Faraday v0.17.0
      Accept-Encoding:
      - gzip;q=1.0,deflate;q=0.6,identity;q=0.3
      Accept:
      - "*/*"
  response:
    status:
      code: 200
      message: OK
    headers:
      Content-Type:
      - application/json; charset=UTF-8
      Date:
      - Mon, 04 Nov 2019 17:29:36 GMT
      Pragma:
      - no-cache
      Expires:
      - Fri, 01 Jan 1990 00:00:00 GMT
      Cache-Control:
      - no-cache, must-revalidate
      Vary:
      - Accept-Language
      Access-Control-Allow-Origin:
      - "*"
      Server:
      - mafe
      X-Xss-Protection:
      - '0'
      X-Frame-Options:
      - SAMEORIGIN
      Server-Timing:
      - gfet4t7; dur=48
      Alt-Svc:
      - quic=":443"; ma=2592000; v="46,43",h3-Q049=":443"; ma=2592000,h3-Q048=":443";
        ma=2592000,h3-Q046=":443"; ma=2592000,h3-Q043=":443"; ma=2592000
      Transfer-Encoding:
      - chunked
    body:
      encoding: ASCII-8BIT
      string: |
        {
           "results" : [
              {
                 "address_components" : [
                    {
                       "long_name" : "Denver",
                       "short_name" : "Denver",
                       "types" : [ "locality", "political" ]
                    },
                    {
                       "long_name" : "Denver County",
                       "short_name" : "Denver County",
                       "types" : [ "administrative_area_level_2", "political" ]
                    },
                    {
                       "long_name" : "Colorado",
                       "short_name" : "CO",
                       "types" : [ "administrative_area_level_1", "political" ]
                    },
                    {
                       "long_name" : "United States",
                       "short_name" : "US",
                       "types" : [ "country", "political" ]
                    }
                 ],
                 "formatted_address" : "Denver, CO, USA",
                 "geometry" : {
                    "bounds" : {
                       "northeast" : {
                          "lat" : 39.91424689999999,
                          "lng" : -104.6002959
                       },
                       "southwest" : {
                          "lat" : 39.614431,
                          "lng" : -105.109927
                       }
                    },
                    "location" : {
                       "lat" : 39.7392358,
                       "lng" : -104.990251
                    },
                    "location_type" : "APPROXIMATE",
                    "viewport" : {
                       "northeast" : {
                          "lat" : 39.91424689999999,
                          "lng" : -104.6002959
                       },
                       "southwest" : {
                          "lat" : 39.614431,
                          "lng" : -105.109927
                       }
                    }
                 },
                 "place_id" : "ChIJzxcfI6qAa4cR1jaKJ_j0jhE",
                 "types" : [ "locality", "political" ]
              }
           ],
           "status" : "OK"
        }
    http_version: 
  recorded_at: Mon, 04 Nov 2019 17:29:36 GMT
- request:
    method: get
    uri: https://maps.googleapis.com/maps/api/geocode/json?address=denver%2Bco&key=<GOOGLE_API_KEY>
    body:
      encoding: US-ASCII
      string: ''
    headers:
      User-Agent:
      - Faraday v0.17.0
      Accept-Encoding:
      - gzip;q=1.0,deflate;q=0.6,identity;q=0.3
      Accept:
      - "*/*"
  response:
    status:
      code: 200
      message: OK
    headers:
      Content-Type:
      - application/json; charset=UTF-8
      Date:
      - Mon, 04 Nov 2019 17:29:37 GMT
      Pragma:
      - no-cache
      Expires:
      - Fri, 01 Jan 1990 00:00:00 GMT
      Cache-Control:
      - no-cache, must-revalidate
      Vary:
      - Accept-Language
      Access-Control-Allow-Origin:
      - "*"
      Server:
      - mafe
      X-Xss-Protection:
      - '0'
      X-Frame-Options:
      - SAMEORIGIN
      Server-Timing:
      - gfet4t7; dur=30
      Alt-Svc:
      - quic=":443"; ma=2592000; v="46,43",h3-Q049=":443"; ma=2592000,h3-Q048=":443";
        ma=2592000,h3-Q046=":443"; ma=2592000,h3-Q043=":443"; ma=2592000
      Transfer-Encoding:
      - chunked
    body:
      encoding: ASCII-8BIT
      string: |
        {
           "results" : [
              {
                 "address_components" : [
                    {
                       "long_name" : "Denver",
                       "short_name" : "Denver",
                       "types" : [ "locality", "political" ]
                    },
                    {
                       "long_name" : "Denver County",
                       "short_name" : "Denver County",
                       "types" : [ "administrative_area_level_2", "political" ]
                    },
                    {
                       "long_name" : "Colorado",
                       "short_name" : "CO",
                       "types" : [ "administrative_area_level_1", "political" ]
                    },
                    {
                       "long_name" : "United States",
                       "short_name" : "US",
                       "types" : [ "country", "political" ]
                    }
                 ],
                 "formatted_address" : "Denver, CO, USA",
                 "geometry" : {
                    "bounds" : {
                       "northeast" : {
                          "lat" : 39.91424689999999,
                          "lng" : -104.6002959
                       },
                       "southwest" : {
                          "lat" : 39.614431,
                          "lng" : -105.109927
                       }
                    },
                    "location" : {
                       "lat" : 39.7392358,
                       "lng" : -104.990251
                    },
                    "location_type" : "APPROXIMATE",
                    "viewport" : {
                       "northeast" : {
                          "lat" : 39.91424689999999,
                          "lng" : -104.6002959
                       },
                       "southwest" : {
                          "lat" : 39.614431,
                          "lng" : -105.109927
                       }
                    }
                 },
                 "place_id" : "ChIJzxcfI6qAa4cR1jaKJ_j0jhE",
                 "types" : [ "locality", "political" ]
              }
           ],
           "status" : "OK"
        }
    http_version: 
  recorded_at: Mon, 04 Nov 2019 17:29:37 GMT
- request:
    method: get
    uri: https://api.darksky.net/forecast/<DARKSKY_API_KEY>/39.7392,-104.9903
    body:
      encoding: US-ASCII
      string: ''
    headers:
      User-Agent:
      - Faraday v0.17.0
      Accept-Encoding:
      - gzip;q=1.0,deflate;q=0.6,identity;q=0.3
      Accept:
      - "*/*"
  response:
    status:
      code: 200
      message: OK
    headers:
      Date:
      - Mon, 04 Nov 2019 17:29:37 GMT
      Content-Type:
      - application/json; charset=utf-8
      Transfer-Encoding:
      - chunked
      Connection:
      - keep-alive
      X-Authentication-Time:
      - 224ms
      X-Forecast-Api-Calls:
      - '128'
      Cache-Control:
      - max-age=60
      Expires:
      - Mon, 04 Nov 2019 17:30:37 +0000
      X-Response-Time:
      - 119.475ms
      Vary:
      - Accept-Encoding
    body:
      encoding: ASCII-8BIT
      string: '{"latitude":39.7392,"longitude":-104.9903,"timezone":"America/Denver","currently":{"time":1572888577,"summary":"Partly
        Cloudy","icon":"partly-cloudy-day","nearestStormDistance":10,"nearestStormBearing":359,"precipIntensity":0,"precipProbability":0,"temperature":47.36,"apparentTemperature":46.68,"dewPoint":29.57,"humidity":0.5,"pressure":1016,"windSpeed":3.24,"windGust":5.56,"windBearing":29,"cloudCover":0.5,"uvIndex":3,"visibility":10,"ozone":278.5},"minutely":{"summary":"Partly
        cloudy for the hour.","icon":"partly-cloudy-day","data":[{"time":1572888540,"precipIntensity":0,"precipProbability":0},{"time":1572888600,"precipIntensity":0,"precipProbability":0},{"time":1572888660,"precipIntensity":0,"precipProbability":0},{"time":1572888720,"precipIntensity":0,"precipProbability":0},{"time":1572888780,"precipIntensity":0,"precipProbability":0},{"time":1572888840,"precipIntensity":0,"precipProbability":0},{"time":1572888900,"precipIntensity":0,"precipProbability":0},{"time":1572888960,"precipIntensity":0,"precipProbability":0},{"time":1572889020,"precipIntensity":0,"precipProbability":0},{"time":1572889080,"precipIntensity":0,"precipProbability":0},{"time":1572889140,"precipIntensity":0,"precipProbability":0},{"time":1572889200,"precipIntensity":0,"precipProbability":0},{"time":1572889260,"precipIntensity":0,"precipProbability":0},{"time":1572889320,"precipIntensity":0,"precipProbability":0},{"time":1572889380,"precipIntensity":0,"precipProbability":0},{"time":1572889440,"precipIntensity":0,"precipProbability":0},{"time":1572889500,"precipIntensity":0,"precipProbability":0},{"time":1572889560,"precipIntensity":0,"precipProbability":0},{"time":1572889620,"precipIntensity":0,"precipProbability":0},{"time":1572889680,"precipIntensity":0,"precipProbability":0},{"time":1572889740,"precipIntensity":0,"precipProbability":0},{"time":1572889800,"precipIntensity":0,"precipProbability":0},{"time":1572889860,"precipIntensity":0,"precipProbability":0},{"time":1572889920,"precipIntensity":0,"precipProbability":0},{"time":1572889980,"precipIntensity":0,"precipProbability":0},{"time":1572890040,"precipIntensity":0,"precipProbability":0},{"time":1572890100,"precipIntensity":0,"precipProbability":0},{"time":1572890160,"precipIntensity":0.003,"precipIntensityError":0.001,"precipProbability":0.01,"precipType":"rain"},{"time":1572890220,"precipIntensity":0,"precipProbability":0},{"time":1572890280,"precipIntensity":0.003,"precipIntensityError":0.001,"precipProbability":0.02,"precipType":"rain"},{"time":1572890340,"precipIntensity":0.004,"precipIntensityError":0.001,"precipProbability":0.02,"precipType":"rain"},{"time":1572890400,"precipIntensity":0,"precipProbability":0},{"time":1572890460,"precipIntensity":0,"precipProbability":0},{"time":1572890520,"precipIntensity":0,"precipProbability":0},{"time":1572890580,"precipIntensity":0,"precipProbability":0},{"time":1572890640,"precipIntensity":0,"precipProbability":0},{"time":1572890700,"precipIntensity":0,"precipProbability":0},{"time":1572890760,"precipIntensity":0,"precipProbability":0},{"time":1572890820,"precipIntensity":0,"precipProbability":0},{"time":1572890880,"precipIntensity":0,"precipProbability":0},{"time":1572890940,"precipIntensity":0,"precipProbability":0},{"time":1572891000,"precipIntensity":0.003,"precipIntensityError":0.001,"precipProbability":0.03,"precipType":"rain"},{"time":1572891060,"precipIntensity":0,"precipProbability":0},{"time":1572891120,"precipIntensity":0.004,"precipIntensityError":0.001,"precipProbability":0.03,"precipType":"rain"},{"time":1572891180,"precipIntensity":0.003,"precipIntensityError":0.001,"precipProbability":0.02,"precipType":"rain"},{"time":1572891240,"precipIntensity":0.004,"precipIntensityError":0.002,"precipProbability":0.02,"precipType":"rain"},{"time":1572891300,"precipIntensity":0.003,"precipIntensityError":0.001,"precipProbability":0.02,"precipType":"rain"},{"time":1572891360,"precipIntensity":0.004,"precipIntensityError":0.002,"precipProbability":0.02,"precipType":"rain"},{"time":1572891420,"precipIntensity":0,"precipProbability":0},{"time":1572891480,"precipIntensity":0.004,"precipIntensityError":0.002,"precipProbability":0.02,"precipType":"rain"},{"time":1572891540,"precipIntensity":0.003,"precipIntensityError":0.001,"precipProbability":0.01,"precipType":"rain"},{"time":1572891600,"precipIntensity":0,"precipProbability":0},{"time":1572891660,"precipIntensity":0.003,"precipIntensityError":0.001,"precipProbability":0.01,"precipType":"rain"},{"time":1572891720,"precipIntensity":0,"precipProbability":0},{"time":1572891780,"precipIntensity":0.004,"precipIntensityError":0.001,"precipProbability":0.01,"precipType":"rain"},{"time":1572891840,"precipIntensity":0.003,"precipIntensityError":0.001,"precipProbability":0.01,"precipType":"rain"},{"time":1572891900,"precipIntensity":0,"precipProbability":0},{"time":1572891960,"precipIntensity":0,"precipProbability":0},{"time":1572892020,"precipIntensity":0,"precipProbability":0},{"time":1572892080,"precipIntensity":0.004,"precipIntensityError":0.002,"precipProbability":0.01,"precipType":"rain"},{"time":1572892140,"precipIntensity":0,"precipProbability":0}]},"hourly":{"summary":"Clear
        throughout the day.","icon":"clear-day","data":[{"time":1572886800,"summary":"Partly
        Cloudy","icon":"partly-cloudy-day","precipIntensity":0,"precipProbability":0,"temperature":45.48,"apparentTemperature":45.48,"dewPoint":28.95,"humidity":0.52,"pressure":1016.4,"windSpeed":2.46,"windGust":5.18,"windBearing":31,"cloudCover":0.57,"uvIndex":2,"visibility":10,"ozone":278.2},{"time":1572890400,"summary":"Partly
        Cloudy","icon":"partly-cloudy-day","precipIntensity":0.0009,"precipProbability":0.03,"precipType":"rain","temperature":48.63,"apparentTemperature":47.14,"dewPoint":30.23,"humidity":0.49,"pressure":1015.8,"windSpeed":4.21,"windGust":6.08,"windBearing":28,"cloudCover":0.42,"uvIndex":3,"visibility":10,"ozone":278.8},{"time":1572894000,"summary":"Clear","icon":"clear-day","precipIntensity":0.0004,"precipProbability":0.03,"precipType":"rain","temperature":47.87,"apparentTemperature":45.39,"dewPoint":31.5,"humidity":0.53,"pressure":1016.8,"windSpeed":5.53,"windGust":7.02,"windBearing":39,"cloudCover":0.27,"uvIndex":3,"visibility":10,"ozone":279.1},{"time":1572897600,"summary":"Clear","icon":"clear-day","precipIntensity":0.0014,"precipProbability":0.04,"precipType":"rain","temperature":46.86,"apparentTemperature":43.9,"dewPoint":32.15,"humidity":0.56,"pressure":1017.4,"windSpeed":6.05,"windGust":6.89,"windBearing":46,"cloudCover":0.12,"uvIndex":3,"visibility":10,"ozone":279.1},{"time":1572901200,"summary":"Clear","icon":"clear-day","precipIntensity":0.0016,"precipProbability":0.04,"precipType":"rain","temperature":46.64,"apparentTemperature":43.79,"dewPoint":32.01,"humidity":0.57,"pressure":1017.3,"windSpeed":5.79,"windGust":6.32,"windBearing":46,"cloudCover":0.03,"uvIndex":2,"visibility":10,"ozone":279.2},{"time":1572904800,"summary":"Clear","icon":"clear-day","precipIntensity":0,"precipProbability":0,"temperature":46.11,"apparentTemperature":43.58,"dewPoint":31.63,"humidity":0.57,"pressure":1018.3,"windSpeed":5.09,"windGust":6.85,"windBearing":43,"cloudCover":0.04,"uvIndex":1,"visibility":10,"ozone":279.8},{"time":1572908400,"summary":"Clear","icon":"clear-day","precipIntensity":0.002,"precipProbability":0.04,"precipType":"rain","temperature":43.97,"apparentTemperature":41.36,"dewPoint":31.38,"humidity":0.61,"pressure":1018.7,"windSpeed":4.68,"windGust":6.25,"windBearing":40,"cloudCover":0.01,"uvIndex":0,"visibility":10,"ozone":280.5},{"time":1572912000,"summary":"Clear","icon":"clear-night","precipIntensity":0.0032,"precipProbability":0.06,"precipType":"rain","temperature":41.11,"apparentTemperature":39.02,"dewPoint":30.85,"humidity":0.67,"pressure":1020.1,"windSpeed":3.56,"windGust":5.8,"windBearing":45,"cloudCover":0.01,"uvIndex":0,"visibility":10,"ozone":281.1},{"time":1572915600,"summary":"Clear","icon":"clear-night","precipIntensity":0.0013,"precipProbability":0.04,"precipType":"rain","temperature":38.48,"apparentTemperature":36.16,"dewPoint":29.82,"humidity":0.71,"pressure":1021.4,"windSpeed":3.42,"windGust":5.57,"windBearing":66,"cloudCover":0.06,"uvIndex":0,"visibility":10,"ozone":281.5},{"time":1572919200,"summary":"Clear","icon":"clear-night","precipIntensity":0.0014,"precipProbability":0.03,"precipType":"rain","temperature":36.38,"apparentTemperature":33.94,"dewPoint":28.48,"humidity":0.73,"pressure":1022.7,"windSpeed":3.27,"windGust":3.98,"windBearing":103,"cloudCover":0.13,"uvIndex":0,"visibility":10,"ozone":281.8},{"time":1572922800,"summary":"Clear","icon":"clear-night","precipIntensity":0.0003,"precipProbability":0.02,"precipType":"rain","temperature":34.92,"apparentTemperature":34.92,"dewPoint":27.54,"humidity":0.74,"pressure":1023.7,"windSpeed":2.72,"windGust":2.78,"windBearing":224,"cloudCover":0.2,"uvIndex":0,"visibility":10,"ozone":281.5},{"time":1572926400,"summary":"Clear","icon":"clear-night","precipIntensity":0.0003,"precipProbability":0.02,"precipType":"rain","temperature":34.35,"apparentTemperature":30.62,"dewPoint":26.78,"humidity":0.74,"pressure":1024.3,"windSpeed":4.17,"windGust":5.35,"windBearing":180,"cloudCover":0.21,"uvIndex":0,"visibility":10,"ozone":280.2},{"time":1572930000,"summary":"Clear","icon":"clear-night","precipIntensity":0.002,"precipProbability":0.02,"precipType":"rain","temperature":33.97,"apparentTemperature":30,"dewPoint":26.16,"humidity":0.73,"pressure":1024.6,"windSpeed":4.34,"windGust":6.14,"windBearing":213,"cloudCover":0.21,"uvIndex":0,"visibility":10,"ozone":278.5},{"time":1572933600,"summary":"Clear","icon":"clear-night","precipIntensity":0.0004,"precipProbability":0.01,"precipType":"rain","temperature":33.52,"apparentTemperature":29.35,"dewPoint":25.32,"humidity":0.72,"pressure":1024.7,"windSpeed":4.48,"windGust":6.77,"windBearing":218,"cloudCover":0.21,"uvIndex":0,"visibility":10,"ozone":277.1},{"time":1572937200,"summary":"Clear","icon":"clear-night","precipIntensity":0.0002,"precipProbability":0.01,"precipType":"rain","temperature":32.37,"apparentTemperature":27.99,"dewPoint":23.14,"humidity":0.68,"pressure":1026.2,"windSpeed":4.5,"windGust":5.28,"windBearing":182,"cloudCover":0.31,"uvIndex":0,"visibility":10,"ozone":276.6},{"time":1572940800,"summary":"Clear","icon":"clear-night","precipIntensity":0.0002,"precipProbability":0.01,"precipType":"rain","temperature":31.96,"apparentTemperature":27.84,"dewPoint":22.51,"humidity":0.68,"pressure":1025.8,"windSpeed":4.17,"windGust":4.52,"windBearing":200,"cloudCover":0.31,"uvIndex":0,"visibility":10,"ozone":276.6},{"time":1572944400,"summary":"Clear","icon":"clear-night","precipIntensity":0,"precipProbability":0,"temperature":30.92,"apparentTemperature":26.8,"dewPoint":21.84,"humidity":0.69,"pressure":1025.5,"windSpeed":4.02,"windGust":4.04,"windBearing":216,"cloudCover":0.31,"uvIndex":0,"visibility":10,"ozone":276.4},{"time":1572948000,"summary":"Clear","icon":"clear-night","precipIntensity":0,"precipProbability":0,"temperature":29.77,"apparentTemperature":25.37,"dewPoint":21.1,"humidity":0.7,"pressure":1025.5,"windSpeed":4.12,"windGust":4.13,"windBearing":195,"cloudCover":0.31,"uvIndex":0,"visibility":10,"ozone":276.2},{"time":1572951600,"summary":"Clear","icon":"clear-night","precipIntensity":0,"precipProbability":0,"temperature":28.67,"apparentTemperature":23.83,"dewPoint":20.42,"humidity":0.71,"pressure":1025.7,"windSpeed":4.35,"windGust":4.37,"windBearing":178,"cloudCover":0.31,"uvIndex":0,"visibility":10,"ozone":275.8},{"time":1572955200,"summary":"Clear","icon":"clear-night","precipIntensity":0.0003,"precipProbability":0.01,"precipType":"snow","precipAccumulation":0.0016,"temperature":28.6,"apparentTemperature":23.47,"dewPoint":20.31,"humidity":0.71,"pressure":1025.8,"windSpeed":4.62,"windGust":4.64,"windBearing":191,"cloudCover":0.31,"uvIndex":0,"visibility":10,"ozone":275},{"time":1572958800,"summary":"Partly
        Cloudy","icon":"partly-cloudy-night","precipIntensity":0,"precipProbability":0,"temperature":29.22,"apparentTemperature":23.81,"dewPoint":21.06,"humidity":0.71,"pressure":1025.9,"windSpeed":5,"windGust":5.01,"windBearing":199,"cloudCover":0.32,"uvIndex":0,"visibility":10,"ozone":273.2},{"time":1572962400,"summary":"Partly
        Cloudy","icon":"partly-cloudy-day","precipIntensity":0,"precipProbability":0,"temperature":30.3,"apparentTemperature":24.73,"dewPoint":22.63,"humidity":0.73,"pressure":1025.8,"windSpeed":5.38,"windGust":5.39,"windBearing":202,"cloudCover":0.33,"uvIndex":0,"visibility":10,"ozone":270.6},{"time":1572966000,"summary":"Partly
        Cloudy","icon":"partly-cloudy-day","precipIntensity":0,"precipProbability":0,"temperature":32.73,"apparentTemperature":27.57,"dewPoint":24.78,"humidity":0.72,"pressure":1025.4,"windSpeed":5.42,"windGust":5.43,"windBearing":199,"cloudCover":0.33,"uvIndex":0,"visibility":10,"ozone":268.9},{"time":1572969600,"summary":"Partly
        Cloudy","icon":"partly-cloudy-day","precipIntensity":0,"precipProbability":0,"temperature":37.65,"apparentTemperature":33.89,"dewPoint":27.4,"humidity":0.66,"pressure":1024.4,"windSpeed":4.78,"windGust":4.82,"windBearing":182,"cloudCover":0.33,"uvIndex":1,"visibility":10,"ozone":268.7},{"time":1572973200,"summary":"Partly
        Cloudy","icon":"partly-cloudy-day","precipIntensity":0,"precipProbability":0,"temperature":43.96,"apparentTemperature":42.08,"dewPoint":29.91,"humidity":0.57,"pressure":1022.9,"windSpeed":3.79,"windGust":4.59,"windBearing":167,"cloudCover":0.32,"uvIndex":3,"visibility":10,"ozone":269.4},{"time":1572976800,"summary":"Clear","icon":"clear-day","precipIntensity":0,"precipProbability":0,"temperature":48.98,"apparentTemperature":48.44,"dewPoint":32.03,"humidity":0.52,"pressure":1021.5,"windSpeed":3.09,"windGust":4.31,"windBearing":152,"cloudCover":0.31,"uvIndex":3,"visibility":10,"ozone":269.6},{"time":1572980400,"summary":"Clear","icon":"clear-day","precipIntensity":0,"precipProbability":0,"temperature":52.48,"apparentTemperature":52.48,"dewPoint":33.4,"humidity":0.48,"pressure":1020.4,"windSpeed":2.92,"windGust":3.82,"windBearing":113,"cloudCover":0.3,"uvIndex":3,"visibility":10,"ozone":268.8},{"time":1572984000,"summary":"Clear","icon":"clear-day","precipIntensity":0,"precipProbability":0,"temperature":54.51,"apparentTemperature":54.51,"dewPoint":34.24,"humidity":0.46,"pressure":1019.3,"windSpeed":3,"windGust":3.25,"windBearing":84,"cloudCover":0.27,"uvIndex":3,"visibility":10,"ozone":267.6},{"time":1572987600,"summary":"Clear","icon":"clear-day","precipIntensity":0.0002,"precipProbability":0.01,"precipType":"rain","temperature":55.08,"apparentTemperature":55.08,"dewPoint":34.44,"humidity":0.46,"pressure":1018.7,"windSpeed":3.03,"windGust":3.06,"windBearing":77,"cloudCover":0.26,"uvIndex":2,"visibility":10,"ozone":266.8},{"time":1572991200,"summary":"Clear","icon":"clear-day","precipIntensity":0.0003,"precipProbability":0.01,"precipType":"rain","temperature":53.42,"apparentTemperature":53.42,"dewPoint":34.1,"humidity":0.48,"pressure":1018.9,"windSpeed":2.84,"windGust":2.86,"windBearing":98,"cloudCover":0.26,"uvIndex":1,"visibility":10,"ozone":267.2},{"time":1572994800,"summary":"Clear","icon":"clear-day","precipIntensity":0.0005,"precipProbability":0.01,"precipType":"rain","temperature":49.63,"apparentTemperature":49.63,"dewPoint":34.08,"humidity":0.55,"pressure":1019.5,"windSpeed":2.62,"windGust":2.69,"windBearing":144,"cloudCover":0.27,"uvIndex":0,"visibility":10,"ozone":268},{"time":1572998400,"summary":"Clear","icon":"clear-night","precipIntensity":0.0005,"precipProbability":0.02,"precipType":"rain","temperature":46.03,"apparentTemperature":46.03,"dewPoint":32.74,"humidity":0.6,"pressure":1020.3,"windSpeed":2.7,"windGust":2.88,"windBearing":174,"cloudCover":0.29,"uvIndex":0,"visibility":10,"ozone":268.3},{"time":1573002000,"summary":"Partly
        Cloudy","icon":"partly-cloudy-night","precipIntensity":0.0005,"precipProbability":0.01,"precipType":"rain","temperature":43.61,"apparentTemperature":42.07,"dewPoint":30.81,"humidity":0.6,"pressure":1021.3,"windSpeed":3.36,"windGust":3.48,"windBearing":189,"cloudCover":0.32,"uvIndex":0,"visibility":10,"ozone":267.6},{"time":1573005600,"summary":"Partly
        Cloudy","icon":"partly-cloudy-night","precipIntensity":0.0004,"precipProbability":0.01,"precipType":"rain","temperature":41.58,"apparentTemperature":38.87,"dewPoint":28.38,"humidity":0.59,"pressure":1022.4,"windSpeed":4.31,"windGust":4.35,"windBearing":204,"cloudCover":0.37,"uvIndex":0,"visibility":10,"ozone":266.1},{"time":1573009200,"summary":"Partly
        Cloudy","icon":"partly-cloudy-night","precipIntensity":0.0003,"precipProbability":0.01,"precipType":"rain","temperature":40.21,"apparentTemperature":36.73,"dewPoint":26.75,"humidity":0.58,"pressure":1023.4,"windSpeed":4.99,"windGust":5.01,"windBearing":214,"cloudCover":0.39,"uvIndex":0,"visibility":10,"ozone":264.9},{"time":1573012800,"summary":"Partly
        Cloudy","icon":"partly-cloudy-night","precipIntensity":0.0002,"precipProbability":0.01,"precipType":"rain","temperature":39.3,"apparentTemperature":35.5,"dewPoint":25.33,"humidity":0.57,"pressure":1024,"windSpeed":5.19,"windGust":5.19,"windBearing":216,"cloudCover":0.38,"uvIndex":0,"visibility":10,"ozone":263.6},{"time":1573016400,"summary":"Partly
        Cloudy","icon":"partly-cloudy-night","precipIntensity":0,"precipProbability":0,"temperature":38.53,"apparentTemperature":34.63,"dewPoint":24.12,"humidity":0.56,"pressure":1024.1,"windSpeed":5.14,"windGust":5.16,"windBearing":213,"cloudCover":0.35,"uvIndex":0,"visibility":10,"ozone":262.5},{"time":1573020000,"summary":"Partly
        Cloudy","icon":"partly-cloudy-night","precipIntensity":0,"precipProbability":0,"temperature":37.76,"apparentTemperature":33.81,"dewPoint":23.36,"humidity":0.56,"pressure":1024.3,"windSpeed":5.04,"windGust":5.07,"windBearing":210,"cloudCover":0.33,"uvIndex":0,"visibility":10,"ozone":261.8},{"time":1573023600,"summary":"Partly
        Cloudy","icon":"partly-cloudy-night","precipIntensity":0,"precipProbability":0,"temperature":37.07,"apparentTemperature":33.11,"dewPoint":22.97,"humidity":0.56,"pressure":1024.3,"windSpeed":4.9,"windGust":4.94,"windBearing":211,"cloudCover":0.33,"uvIndex":0,"visibility":10,"ozone":261.5},{"time":1573027200,"summary":"Partly
        Cloudy","icon":"partly-cloudy-night","precipIntensity":0,"precipProbability":0,"temperature":36.25,"apparentTemperature":32.29,"dewPoint":22.64,"humidity":0.57,"pressure":1024.2,"windSpeed":4.74,"windGust":4.78,"windBearing":214,"cloudCover":0.33,"uvIndex":0,"visibility":10,"ozone":261.5},{"time":1573030800,"summary":"Partly
        Cloudy","icon":"partly-cloudy-night","precipIntensity":0,"precipProbability":0,"temperature":35.33,"apparentTemperature":31.29,"dewPoint":22.24,"humidity":0.59,"pressure":1024.1,"windSpeed":4.65,"windGust":4.7,"windBearing":217,"cloudCover":0.33,"uvIndex":0,"visibility":10,"ozone":262},{"time":1573034400,"summary":"Partly
        Cloudy","icon":"partly-cloudy-night","precipIntensity":0,"precipProbability":0,"temperature":33.76,"apparentTemperature":29.43,"dewPoint":21.48,"humidity":0.6,"pressure":1024.2,"windSpeed":4.68,"windGust":4.73,"windBearing":219,"cloudCover":0.33,"uvIndex":0,"visibility":10,"ozone":262.9},{"time":1573038000,"summary":"Partly
        Cloudy","icon":"partly-cloudy-night","precipIntensity":0,"precipProbability":0,"temperature":32.29,"apparentTemperature":27.58,"dewPoint":20.84,"humidity":0.62,"pressure":1023.8,"windSpeed":4.82,"windGust":4.85,"windBearing":220,"cloudCover":0.33,"uvIndex":0,"visibility":10,"ozone":264.2},{"time":1573041600,"summary":"Partly
        Cloudy","icon":"partly-cloudy-night","precipIntensity":0,"precipProbability":0,"temperature":31.35,"apparentTemperature":26.5,"dewPoint":20.63,"humidity":0.64,"pressure":1023.9,"windSpeed":4.8,"windGust":4.83,"windBearing":214,"cloudCover":0.33,"uvIndex":0,"visibility":10,"ozone":265.5},{"time":1573045200,"summary":"Partly
        Cloudy","icon":"partly-cloudy-night","precipIntensity":0,"precipProbability":0,"temperature":31.29,"apparentTemperature":26.74,"dewPoint":20.95,"humidity":0.65,"pressure":1024.1,"windSpeed":4.48,"windGust":4.51,"windBearing":201,"cloudCover":0.33,"uvIndex":0,"visibility":10,"ozone":266.9},{"time":1573048800,"summary":"Partly
        Cloudy","icon":"partly-cloudy-day","precipIntensity":0,"precipProbability":0,"temperature":31.67,"apparentTemperature":27.66,"dewPoint":21.86,"humidity":0.67,"pressure":1024.7,"windSpeed":4.04,"windGust":4.06,"windBearing":236,"cloudCover":0.33,"uvIndex":0,"visibility":10,"ozone":268.3},{"time":1573052400,"summary":"Partly
        Cloudy","icon":"partly-cloudy-day","precipIntensity":0,"precipProbability":0,"temperature":34.23,"apparentTemperature":30.85,"dewPoint":23.55,"humidity":0.65,"pressure":1024.7,"windSpeed":3.82,"windGust":3.85,"windBearing":224,"cloudCover":0.32,"uvIndex":0,"visibility":10,"ozone":269.6},{"time":1573056000,"summary":"Clear","icon":"clear-day","precipIntensity":0,"precipProbability":0,"temperature":38.79,"apparentTemperature":35.8,"dewPoint":26.31,"humidity":0.61,"pressure":1023.7,"windSpeed":4.13,"windGust":4.24,"windBearing":190,"cloudCover":0.29,"uvIndex":1,"visibility":10,"ozone":270.4},{"time":1573059600,"summary":"Clear","icon":"clear-day","precipIntensity":0.0002,"precipProbability":0.01,"precipType":"rain","temperature":44.96,"apparentTemperature":42.51,"dewPoint":29.99,"humidity":0.56,"pressure":1022.3,"windSpeed":4.69,"windGust":5.57,"windBearing":93,"cloudCover":0.25,"uvIndex":3,"visibility":10,"ozone":271}]},"daily":{"summary":"No
        precipitation throughout the week.","icon":"clear-day","data":[{"time":1572850800,"summary":"Clear
        throughout the day.","icon":"clear-day","sunriseTime":1572874380,"sunsetTime":1572911760,"moonPhase":0.27,"precipIntensity":0.0006,"precipIntensityMax":0.0032,"precipIntensityMaxTime":1572911760,"precipProbability":0.14,"precipType":"rain","temperatureHigh":49.24,"temperatureHighTime":1572891060,"temperatureLow":28.04,"temperatureLowTime":1572953460,"apparentTemperatureHigh":47.14,"apparentTemperatureHighTime":1572890340,"apparentTemperatureLow":23.47,"apparentTemperatureLowTime":1572955260,"dewPoint":28.34,"humidity":0.64,"pressure":1018.4,"windSpeed":3.48,"windGust":7.07,"windGustTime":1572895020,"windBearing":42,"cloudCover":0.36,"uvIndex":3,"uvIndexTime":1572893760,"visibility":10,"ozone":274.3,"temperatureMin":31.88,"temperatureMinTime":1572937200,"temperatureMax":49.24,"temperatureMaxTime":1572891060,"apparentTemperatureMin":27.99,"apparentTemperatureMinTime":1572937200,"apparentTemperatureMax":47.14,"apparentTemperatureMaxTime":1572890340},{"time":1572937200,"summary":"Clear
        throughout the day.","icon":"clear-day","sunriseTime":1572960840,"sunsetTime":1572998100,"moonPhase":0.3,"precipIntensity":0.0002,"precipIntensityMax":0.0005,"precipIntensityMaxTime":1572998580,"precipProbability":0.07,"precipType":"rain","temperatureHigh":55.63,"temperatureHighTime":1572986880,"temperatureLow":30.75,"temperatureLowTime":1573043460,"apparentTemperatureHigh":55.13,"apparentTemperatureHighTime":1572986880,"apparentTemperatureLow":26.45,"apparentTemperatureLowTime":1573042500,"dewPoint":27.03,"humidity":0.6,"pressure":1023.2,"windSpeed":4.11,"windGust":5.48,"windGustTime":1572964680,"windBearing":187,"cloudCover":0.32,"uvIndex":4,"uvIndexTime":1572979620,"visibility":10,"ozone":269.3,"temperatureMin":28.04,"temperatureMinTime":1572953460,"temperatureMax":55.63,"temperatureMaxTime":1572986880,"apparentTemperatureMin":23.47,"apparentTemperatureMinTime":1572955260,"apparentTemperatureMax":55.13,"apparentTemperatureMaxTime":1572986880},{"time":1573023600,"summary":"Clear
        throughout the day.","icon":"clear-day","sunriseTime":1573047360,"sunsetTime":1573084440,"moonPhase":0.33,"precipIntensity":0.0001,"precipIntensityMax":0.0004,"precipIntensityMaxTime":1573110000,"precipProbability":0.05,"precipType":"rain","temperatureHigh":50.53,"temperatureHighTime":1573066860,"temperatureLow":26.33,"temperatureLowTime":1573135440,"apparentTemperatureHigh":50.03,"apparentTemperatureHighTime":1573066740,"apparentTemperatureLow":22.38,"apparentTemperatureLowTime":1573133880,"dewPoint":27.34,"humidity":0.64,"pressure":1024.2,"windSpeed":5.08,"windGust":9.24,"windGustTime":1573090860,"windBearing":54,"cloudCover":0.46,"uvIndex":3,"uvIndexTime":1573065720,"visibility":10,"ozone":270.3,"temperatureMin":30.75,"temperatureMinTime":1573043460,"temperatureMax":50.53,"temperatureMaxTime":1573066860,"apparentTemperatureMin":26.45,"apparentTemperatureMinTime":1573042500,"apparentTemperatureMax":50.03,"apparentTemperatureMaxTime":1573066740},{"time":1573110000,"summary":"Partly
        cloudy throughout the day.","icon":"partly-cloudy-day","sunriseTime":1573133820,"sunsetTime":1573170780,"moonPhase":0.36,"precipIntensity":0.0003,"precipIntensityMax":0.0012,"precipIntensityMaxTime":1573117500,"precipProbability":0.18,"precipType":"rain","temperatureHigh":40.06,"temperatureHighTime":1573164240,"temperatureLow":31.88,"temperatureLowTime":1573191840,"apparentTemperatureHigh":36.79,"apparentTemperatureHighTime":1573163820,"apparentTemperatureLow":28.92,"apparentTemperatureLowTime":1573193100,"dewPoint":24.5,"humidity":0.7,"pressure":1031.6,"windSpeed":3.93,"windGust":8.19,"windGustTime":1573127040,"windBearing":49,"cloudCover":0.52,"uvIndex":3,"uvIndexTime":1573153200,"visibility":9.694,"ozone":271.8,"temperatureMin":26.33,"temperatureMinTime":1573135440,"temperatureMax":40.06,"temperatureMaxTime":1573164240,"apparentTemperatureMin":22.38,"apparentTemperatureMinTime":1573133880,"apparentTemperatureMax":36.79,"apparentTemperatureMaxTime":1573163820},{"time":1573196400,"summary":"Clear
        throughout the day.","icon":"clear-day","sunriseTime":1573220280,"sunsetTime":1573257120,"moonPhase":0.39,"precipIntensity":0.0001,"precipIntensityMax":0.0002,"precipIntensityMaxTime":1573212900,"precipProbability":0.02,"precipType":"rain","temperatureHigh":63.54,"temperatureHighTime":1573245720,"temperatureLow":39.55,"temperatureLowTime":1573305960,"apparentTemperatureHigh":63.04,"apparentTemperatureHighTime":1573245720,"apparentTemperatureLow":35.83,"apparentTemperatureLowTime":1573306320,"dewPoint":22.72,"humidity":0.4,"pressure":1025.1,"windSpeed":4.07,"windGust":6.41,"windGustTime":1573220640,"windBearing":209,"cloudCover":0.02,"uvIndex":4,"uvIndexTime":1573238820,"visibility":10,"ozone":256.7,"temperatureMin":32.39,"temperatureMinTime":1573196400,"temperatureMax":63.54,"temperatureMaxTime":1573245720,"apparentTemperatureMin":29.3,"apparentTemperatureMinTime":1573196400,"apparentTemperatureMax":63.04,"apparentTemperatureMaxTime":1573245720},{"time":1573282800,"summary":"Clear
        throughout the day.","icon":"clear-day","sunriseTime":1573306740,"sunsetTime":1573343460,"moonPhase":0.42,"precipIntensity":0.0001,"precipIntensityMax":0.0003,"precipIntensityMaxTime":1573293600,"precipProbability":0.01,"precipType":"rain","temperatureHigh":72.18,"temperatureHighTime":1573333080,"temperatureLow":36.05,"temperatureLowTime":1573394460,"apparentTemperatureHigh":71.68,"apparentTemperatureHighTime":1573333080,"apparentTemperatureLow":30.99,"apparentTemperatureLowTime":1573394220,"dewPoint":23.27,"humidity":0.33,"pressure":1020.6,"windSpeed":4.99,"windGust":15.19,"windGustTime":1573344480,"windBearing":224,"cloudCover":0.27,"uvIndex":4,"uvIndexTime":1573325040,"visibility":10,"ozone":257.3,"temperatureMin":39.55,"temperatureMinTime":1573305960,"temperatureMax":72.18,"temperatureMaxTime":1573333080,"apparentTemperatureMin":35.83,"apparentTemperatureMinTime":1573306320,"apparentTemperatureMax":71.68,"apparentTemperatureMaxTime":1573333080},{"time":1573369200,"summary":"Foggy
        in the evening and overnight.","icon":"fog","sunriseTime":1573393200,"sunsetTime":1573429800,"moonPhase":0.46,"precipIntensity":0.0011,"precipIntensityMax":0.0077,"precipIntensityMaxTime":1573452240,"precipProbability":0.04,"precipType":"rain","temperatureHigh":62.34,"temperatureHighTime":1573419180,"temperatureLow":36.84,"temperatureLowTime":1573479480,"apparentTemperatureHigh":61.84,"apparentTemperatureHighTime":1573419180,"apparentTemperatureLow":32.58,"apparentTemperatureLowTime":1573451580,"dewPoint":26.54,"humidity":0.47,"pressure":1021,"windSpeed":6.03,"windGust":15.13,"windGustTime":1573431600,"windBearing":100,"cloudCover":0.96,"uvIndex":3,"uvIndexTime":1573411620,"visibility":7.982,"ozone":264.3,"temperatureMin":36.05,"temperatureMinTime":1573394460,"temperatureMax":62.34,"temperatureMaxTime":1573419180,"apparentTemperatureMin":30.99,"apparentTemperatureMinTime":1573394220,"apparentTemperatureMax":61.84,"apparentTemperatureMaxTime":1573419180},{"time":1573455600,"summary":"Clear
        throughout the day.","icon":"clear-day","sunriseTime":1573479660,"sunsetTime":1573516140,"moonPhase":0.49,"precipIntensity":0.0006,"precipIntensityMax":0.0068,"precipIntensityMaxTime":1573455600,"precipProbability":0.06,"precipType":"rain","temperatureHigh":62.85,"temperatureHighTime":1573506000,"temperatureLow":37.71,"temperatureLowTime":1573563180,"apparentTemperatureHigh":62.35,"apparentTemperatureHighTime":1573506000,"apparentTemperatureLow":34.29,"apparentTemperatureLowTime":1573562700,"dewPoint":22.8,"humidity":0.39,"pressure":1021.1,"windSpeed":4.44,"windGust":6.69,"windGustTime":1573455600,"windBearing":131,"cloudCover":0.39,"uvIndex":3,"uvIndexTime":1573498500,"visibility":9.884,"ozone":276.5,"temperatureMin":36.84,"temperatureMinTime":1573479480,"temperatureMax":62.85,"temperatureMaxTime":1573506000,"apparentTemperatureMin":33.15,"apparentTemperatureMinTime":1573455600,"apparentTemperatureMax":62.35,"apparentTemperatureMaxTime":1573506000}]},"flags":{"sources":["nwspa","cmc","gfs","hrrr","icon","isd","madis","nam","sref","darksky","nearest-precip"],"nearest-station":1.332,"units":"us"},"offset":-7}

        '
    http_version: 
  recorded_at: Mon, 04 Nov 2019 17:29:37 GMT
recorded_with: VCR 5.0.0
